******************************************************************************
               TMS320C6x Linker PC v6.1.15                     
******************************************************************************
>> Linked Wed Mar 11 12:43:26 2015

OUTPUT FILE NAME:   <RTDSP.out>
ENTRY POINT SYMBOL: "_c_int00"  address: 00014800


MEMORY CONFIGURATION

         name            origin    length      used     unused   attr    fill
----------------------  --------  ---------  --------  --------  ----  --------
  IRAM                  00000000   00040000  000160af  00029f51  RWIX
  SDRAM                 80000000   00800000  00000000  00800000  RWIX


SECTION ALLOCATION MAP

 output                                  attributes/
section   page    origin      length       input sections
--------  ----  ----------  ----------   ----------------
.vers      0    00000000    00000040     COPY SECTION
                  00000000    00000040     dsp_bios_cfg.obj (.vers)

.prd       0    00000000    00000000     UNINITIALIZED

.hwi_vec   0    00000000    00000200     
                  00000000    00000200     dsp_bios_cfg.obj (.hwi_vec)

.data      0    00000000    00000000     UNINITIALIZED

.IRAM$heap 
*          0    00000200    00008000     UNINITIALIZED
                  00000200    00008000     --HOLE--

.text      0    00008200    00005220     
                  00008200    00000900     rts6700.lib : divd.obj (.text:__divd)
                  00008b00    000008e0     fft_functions.obj (.text)
                  000093e0    00000680     complex.obj (.text)
                  00009a60    00000620     rts6700.lib : divf.obj (.text:__divf)
                  0000a080    000004e0     frame.obj (.text)
                  0000a560    00000480     dsk6713bslccsv4.lib : dsk6713.obj (.text)
                  0000a9e0    00000380     rts6700.lib : frcmpyd_div.obj (.text:__frcmpyd_div)
                  0000ad60    00000340                 : cos.obj (.text:_cos)
                  0000b0a0    00000320                 : sin.obj (.text:_sin)
                  0000b3c0    000002e0     dsk6713bslccsv4.lib : dsk6713_aic23_opencodec.obj (.text)
                  0000b6a0    00000280     rts6700.lib : exp.obj (.text:_exp)
                  0000b920    00000240                 : memcpy62.obj (.text:_memcpy)
                  0000bb60    00000240                 : sqrt.obj (.text:_sqrt)
                  0000bda0    000001c0     csl6713.lib : csl_irq.obj (.text:_IRQ_map)
                  0000bf60    000001a0                 : csl_mcbsp.obj (.text:_MCBSP_reset)
                  0000c100    000001a0     rts6700.lib : ldexp.obj (.text:_ldexp)
                  0000c2a0    00000180     bios.a67 : gbl_cslpllinit62.o67 (.text)
                  0000c420    00000180     dsk6713bslccsv4.lib : dsk6713_aic23_registers.obj (.text)
                  0000c5a0    00000140     rts6700.lib : strasg.obj (.text:__strasgi)
                  0000c6e0    00000120                 : sinit.obj (.text:_call_dtors)
                  0000c800    00000120                 : frexp.obj (.text:_frexp)
                  0000c920    00000120                 : memset.obj (.text:_memset)
                  0000ca40    00000100     csl6713.lib : csl_mcbsp.obj (.text:_MCBSP_open)
                  0000cb40    00000100                 : csl_mcbsp.obj (.text:_MCBSP_start)
                  0000cc40    00000100     rts6700.lib : atexit.obj (.text:_atexit)
                  0000cd40    000000e0                 : frcmpyf_div.obj (.text:__frcmpyf_div)
                  0000ce20    000000e0                 : round.obj (.text:__nround)
                  0000cf00    000000e0     dsk6713bslccsv4.lib : helper_functions_ISR.obj (.text)
                  0000cfe0    000000c0     rts6700.lib : modf.obj (.text:_modf)
                  0000d0a0    000000c0     bios.a67 : tsk_stup.o67 (.text)
                  0000d160    000000a0     rts6700.lib : mpyll.obj (.text:__mpyll)
                  0000d200    000000a0     csl6713.lib : csl_irq.obj (.text:_setMux)
                  0000d2a0    00000040     rts6700.lib : sinit.obj (.text:___add_dtor)
                  0000d2e0    00000040                 : divd.obj (.text:___isnan)
                  0000d320    00000040                 : divf.obj (.text:___isnanf)
                  0000d360    00000040                 : trunc.obj (.text:__trunc)
                  0000d3a0    00000020                 : _lock.obj (.text:__nop)
                  0000d3c0    00000020                 : _lock.obj (.text:__register_lock)
                  0000d3e0    00000020                 : _lock.obj (.text:__register_unlock)
                  0000d400    00000020     csl6713.lib : csl_irq.obj (.text)

.bios      0    0000d420    00004ac0     
                  0000d420    00000600     lnkrtdx.a67 : rtdx.o67 (.bios)
                  0000da20    000005e0     bios.a67 : gbl_setL2CacheMode.o67 (.bios)
                  0000e000    00000540              : swi.o67 (.bios)
                  0000e540    00000460              : hwi_disp_asm.o67 (.bios)
                  0000e9a0    000003e0              : malloc.o67 (.bios)
                  0000ed80    000003a0              : prd.o67 (.bios)
                  0000f120    000002c0              : knl_run.o67 (.bios)
                  0000f3e0    000002c0              : rta.o67 (.bios)
                  0000f6a0    000002c0              : sem_pend.o67 (.bios)
                  0000f960    00000280              : mem_allo.o67 (.bios:.near)
                  0000fbe0    00000260              : knl_tick.o67 (.bios)
                  0000fe40    00000240              : mem_free.o67 (.bios:.near)
                  00010080    00000240              : pip.o67 (.bios)
                  000102c0    00000220              : sem_dopo.o67 (.bios)
                  000104e0    00000200              : tsk_setu.o67 (.bios)
                  000106e0    000001c0              : knl_swit.o67 (.bios)
                  000108a0    000001c0     biosC6000.a67 : clk.o67 (.bios)
                  00010a60    000001a0     bios.a67 : tsk_exit.o67 (.bios)
                  00010c00    00000180              : autoinit.o67 (.bios)
                  00010d80    00000180              : tsk_stup.o67 (.bios)
                  00010f00    00000140              : knl_chec.o67 (.bios)
                  00011040    000000e0              : gbl_cslcacheinit.o67 (.bios)
                  00011120    000000e0              : knl_exit.o67 (.bios)
                  00011200    000000e0              : sem_post.o67 (.bios)
                  000112e0    000000e0              : sem_post_asm.o67 (.bios)
                  000113c0    000000e0     biosC6000.a67 : clk_meas.o67 (.bios)
                  000114a0    000000c0     bios.a67 : knl_ipos.o67 (.bios)
                  00011560    000000c0              : knl_post.o67 (.bios)
                  00011620    000000c0              : lck.o67 (.bios)
                  000116e0    000000c0              : sys_exit.o67 (.bios)
                  000117a0    000000c0     biosC6000.a67 : clk_htime.o67 (.bios)
                  00011860    00000080     bios.a67 : fxn.o67 (.bios)
                  000118e0    00000080              : idl_busy.o67 (.bios)
                  00011960    00000080              : log.o67 (.bios)
                  000119e0    00000080              : sts.o67 (.bios)
                  00011a60    00000080     biosC6000.a67 : idl_cal.o67 (.bios)
                  00011ae0    00000060     bios.a67 : sys_erro.o67 (.bios:.near)
                  00011b40    00000060              : hwi_c.o67 (.bios)
                  00011ba0    00000060              : sem_pend_counting.o67 (.bios)
                  00011c00    00000060              : sys_abor.o67 (.bios)
                  00011c60    00000060              : utl_putc.o67 (.bios)
                  00011cc0    00000060     biosC6000.a67 : clk_start.o67 (.bios)
                  00011d20    00000040     bios.a67 : idl_stub.o67 (.bios)
                  00011d60    00000040              : rta_andn.o67 (.bios)
                  00011da0    00000040              : utl_doab.o67 (.bios)
                  00011de0    00000040     biosC6000.a67 : clk_stop.o67 (.bios)
                  00011e20    00000020     bios.a67 : fxn_c.o67 (.bios)
                  00011e40    00000020              : gbl_vers.o67 (.bios)
                  00011e60    00000020              : idl.o67 (.bios)
                  00011e80    00000020              : sts_set.o67 (.bios)
                  00011ea0    00000020              : utl_doer.o67 (.bios)
                  00011ec0    00000020              : utl_halt.o67 (.bios)

.cinit     0    00011ee0    000010bc     
                  00011ee0    000005ac     dsp_bios_cfg.obj (.cinit)
                  0001248c    00000004     --HOLE-- [fill = 0]
                  00012490    0000026c     bios.a67 : biosdata.o67 (.cinit)
                  000126fc    00000004     --HOLE-- [fill = 0]
                  00012700    000001a4              : knl.o67 (.cinit)
                  000128a4    00000004     --HOLE-- [fill = 0]
                  000128a8    0000012c     csl6713.lib : csl_irq.obj (.cinit)
                  000129d4    00000004     --HOLE-- [fill = 0]
                  000129d8    000000b0     bios.a67 : swi.o67 (.cinit)
                  00012a88    00000070              : tsk.o67 (.cinit)
                  00012af8    00000060              : tsk_stup.o67 (.cinit)
                  00012b58    0000005c     lnkrtdx.a67 : rtdx.o67 (.cinit)
                  00012bb4    00000004     --HOLE-- [fill = 0]
                  00012bb8    00000054     csl6713.lib : csl_mcbsp.obj (.cinit)
                  00012c0c    00000004     --HOLE-- [fill = 0]
                  00012c10    0000004c     bios.a67 : rta.o67 (.cinit)
                  00012c5c    00000004     --HOLE-- [fill = 0]
                  00012c60    0000004c     rtdx.lib : buffer1.o62 (.cinit)
                  00012cac    00000004     --HOLE-- [fill = 0]
                  00012cb0    00000048     rts6700.lib : cos.obj (.cinit)
                  00012cf8    00000048                 : sin.obj (.cinit)
                  00012d40    00000040                 : exp.obj (.cinit)
                  00012d80    0000003c     frame.obj (.cinit)
                  00012dbc    00000004     --HOLE-- [fill = 0]
                  00012dc0    00000034     bios.a67 : hwi.o67 (.cinit)
                  00012df4    00000004     --HOLE-- [fill = 0]
                  00012df8    00000030     dsk6713bslccsv4.lib : dsk6713_aic23_registers.obj (.cinit)
                  00012e28    0000002c     bios.a67 : utl_putc.o67 (.cinit)
                  00012e54    00000004     --HOLE-- [fill = 0]
                  00012e58    0000002c     rts6700.lib : exit.obj (.cinit)
                  00012e84    00000004     --HOLE-- [fill = 0]
                  00012e88    00000024     bios.a67 : obj_init.o67 (.cinit)
                  00012eac    00000004     --HOLE-- [fill = 0]
                  00012eb0    0000001c              : sys.o67 (.cinit)
                  00012ecc    00000004     --HOLE-- [fill = 0]
                  00012ed0    0000001c     rts6700.lib : _lock.obj (.cinit)
                  00012eec    00000004     --HOLE-- [fill = 0]
                  00012ef0    0000001c                 : atexit.obj (.cinit)
                  00012f0c    00000004     --HOLE-- [fill = 0]
                  00012f10    00000018     bios.a67 : knl_tick.o67 (.cinit)
                  00012f28    00000010     rts6700.lib : divd.obj (.cinit)
                  00012f38    00000010                 : divf.obj (.cinit)
                  00012f48    0000000c     bios.a67 : gbl_setL2CacheMode.o67 (.cinit)
                  00012f54    00000004     --HOLE-- [fill = 0]
                  00012f58    0000000c              : idl_busy.o67 (.cinit)
                  00012f64    00000004     --HOLE-- [fill = 0]
                  00012f68    0000000c              : knl_swit.o67 (.cinit)
                  00012f74    00000004     --HOLE-- [fill = 0]
                  00012f78    0000000c     rts6700.lib : errno.obj (.cinit)
                  00012f84    00000004     --HOLE-- [fill = 0]
                  00012f88    0000000c                 : sinit.obj (.cinit)
                  00012f94    00000004     --HOLE-- [fill = 0]
                  00012f98    00000004     (.pad.cinit) [fill = 0]

.args      0    00012f9c    00000004     
                  00012f9c    00000004     --HOLE-- [fill = 0]

.rtdx_text 
*          0    00012fa0    00000ea0     
                  00012fa0    00000400     rtdx.lib : rtdx_mon.o62 (.rtdx_text:_RTDX_Poll)
                  000133a0    00000340              : buffer1.o62 (.rtdx_text:_RTDX_Buffer_WriteCB)
                  000136e0    00000300              : buffer1.o62 (.rtdx_text:_RTDX_write_next)
                  000139e0    00000140              : rtdx_mon.o62 (.rtdx_text:_RTDX_Mon_Queue)
                  00013b20    000000e0              : buffer1.o62 (.rtdx_text:_claim)
                  00013c00    00000080              : rtdx_mon.o62 (.rtdx_text:_RTDX_Init_RT_Monitor)
                  00013c80    00000060              : buffer1.o62 (.rtdx_text:_RTDX_Buffer_Initialize)
                  00013ce0    00000060              : buffer2.o62 (.rtdx_text:_RTDX_Buffer_ReadCB)
                  00013d40    00000040              : buffer1.o62 (.rtdx_text:_RTDX_Buffer_Size)
                  00013d80    00000040              : rtdx_mon.o62 (.rtdx_text:_RTDX_Final_RT_Monitor)
                  00013dc0    00000020              : buffer2.o62 (.rtdx_text:_RTDX_Buffer_Read)
                  00013de0    00000020              : buffer1.o62 (.rtdx_text:_RTDX_Buffer_Write)
                  00013e00    00000020              : rtdx_mon.o62 (.rtdx_text:_RTDX_checksum)
                  00013e20    00000020              : intr_tgt.o62 (.rtdx_text)

.far       0    00013e40    000005f4     UNINITIALIZED
                  00013e40    00000188     rts6700.lib : atexit.obj (.far)
                  00013fc8    000000f4     csl6713.lib : csl_irq.obj (.far)
                  000140bc    000000d8     bios.a67 : knl.o67 (.far)
                  00014194    0000005c              : tsk.o67 (.far)
                  000141f0    00000054              : obj_init.o67 (.far)
                  00014244    00000050              : tsk_stup.o67 (.far)
                  00014294    00000004     rts6700.lib : errno.obj (.far)
                  00014298    00000040                 : cos.obj (.far)
                  000142d8    00000040                 : sin.obj (.far)
                  00014318    00000038     csl6713.lib : csl_mcbsp.obj (.far)
                  00014350    00000030     rts6700.lib : exp.obj (.far)
                  00014380    00000028     dsk6713bslccsv4.lib : dsk6713_aic23_registers.obj (.far)
                  000143a8    00000028     frame.obj (.far)
                  000143d0    00000020     bios.a67 : sys.o67 (.far)
                  000143f0    00000010              : knl_tick.o67 (.far)
                  00014400    0000000c              : utl_putc.o67 (.far)
                  0001440c    0000000c     rts6700.lib : exit.obj (.far)
                  00014418    00000008                 : _lock.obj (.far)
                  00014420    00000008                 : divd.obj (.far)
                  00014428    00000008                 : divf.obj (.far)
                  00014430    00000004                 : sinit.obj (.far)

.pinit     0    00014434    0000000c     
                  00014434    00000004     rtdx.lib : buffer1.o62 (.pinit)
                  00014438    00000004              : rtdx_mon.o62 (.pinit)
                  0001443c    00000004     --HOLE-- [fill = 0]

.sysinit   0    00014440    00000520     
                  00014440    000002e0     dsp_bios_cfg.obj (.sysinit)
                  00014720    000000e0     bios.a67 : mem_init.o67 (.sysinit)
                  00014800    000000c0              : boot.o67 (.sysinit)
                  000148c0    00000080              : tsk_init.o67 (.sysinit)
                  00014940    00000020              : obj_init.o67 (.sysinit)

.rtdx_data 
*          0    00014960    0000044c     UNINITIALIZED
                  00014960    00000410     dsp_bios_cfg.obj (.rtdx_data)
                  00014d70    00000020     rtdx.lib : buffer1.o62 (.rtdx_data)
                  00014d90    0000001c              : rtdx_mon.o62 (.rtdx_data)

.mem       0    00014dac    00000004     UNINITIALIZED
                  00014dac    00000004     dsp_bios_cfg.obj (.mem)

.TSK_idle$stk 
*          0    00014db0    00000400     UNINITIALIZED
                  00014db0    00000400     dsp_bios_cfg.obj (.TSK_idle$stk)

.stack     0    000151b0    00000400     UNINITIALIZED
                  000151b0    00000400     --HOLE--

.bss       0    000155b0    0000036a     UNINITIALIZED
                  000155b0    00000100     bios.a67 : hwi_disp_asm.o67 (.bss)
                  000156b0    000000cc              : biosdata.o67 (.bss)
                  0001577c    0000009c              : swi.o67 (.bss)
                  00015818    00000048              : knl.o67 (.bss)
                  00015860    00000028     dsp_bios_cfg.obj (.bss)
                  00015888    0000001c     frame.obj (.bss)
                  000158a4    00000018     bios.a67 : hwi.o67 (.bss)
                  000158bc    00000018     lnkrtdx.a67 : rtdx.o67 (.bss)
                  000158d4    00000010     rtdx.lib : buffer1.o62 (.bss)
                  000158e4    0000000c     bios.a67 : tsk.o67 (.bss)
                  000158f0    00000008              : clk_data.o67 (.bss)
                  000158f8    00000008              : sys.o67 (.bss)
                  00015900    00000008     dsk6713bslccsv4.lib : dsk6713_aic23_opencodec.obj (.bss)
                  00015908    00000004     bios.a67 : clk_data2.o67 (.bss)
                  0001590c    00000004              : gbl_setL2CacheMode.o67 (.bss)
                  00015910    00000004              : idl_busy.o67 (.bss)
                  00015914    00000004              : mem_asm.o67 (.bss)
                  00015918    00000002     dsk6713bslccsv4.lib : dsk6713.obj (.bss)

.trace     0    0001591c    00000200     
                  0001591c    00000200     --HOLE-- [fill = 00000000]

.const     0    00015b20    00000101     
                  00015b20    0000004e     bios.a67 : tsk_stup.o67 (.const)
                  00015b6e    00000002     --HOLE-- [fill = 0]
                  00015b70    00000040     dsk6713bslccsv4.lib : dsk6713_aic23_opencodec.obj (.const)
                  00015bb0    00000023     bios.a67 : utl_doab.o67 (.const)
                  00015bd3    00000022              : utl_doer.o67 (.const)
                  00015bf5    00000003     --HOLE-- [fill = 0]
                  00015bf8    00000020     dsk6713bslccsv4.lib : dsk6713.obj (.const)
                  00015c18    00000004     bios.a67 : mem_allo.o67 (.const)
                  00015c1c    00000004              : mem_free.o67 (.const)
                  00015c20    00000001              : tsk.o67 (.const)

.printf    0    00015c21    0000003f     COPY SECTION
                  00015c21    0000003f     dsp_bios_cfg.obj (.printf)

.pip       0    00015c24    000000c8     UNINITIALIZED
                  00015c24    000000c8     dsp_bios_cfg.obj (.pip)

.hst1      0    00015cec    00000010     UNINITIALIZED
                  00015cec    00000010     dsp_bios_cfg.obj (.hst1)

.LOG_system$buf 
*          0    00015d00    00000100     UNINITIALIZED
                  00015d00    00000100     dsp_bios_cfg.obj (.LOG_system$buf)

.hst0      0    00015e00    00000100     UNINITIALIZED
                  00015e00    00000100     dsp_bios_cfg.obj (.hst0)

.tsk       0    00015f00    00000060     UNINITIALIZED
                  00015f00    00000060     dsp_bios_cfg.obj (.tsk)

.gblinit   0    00015f60    00000040     
                  00015f60    00000040     dsp_bios_cfg.obj (.gblinit)

.hst       0    00015fa0    0000003c     UNINITIALIZED
                  00015fa0    0000003c     dsp_bios_cfg.obj (.hst)

.sts       0    00015fdc    00000030     
                  00015fdc    00000030     dsp_bios_cfg.obj (.sts)

.swi       0    0001600c    0000002c     UNINITIALIZED
                  0001600c    0000002c     dsp_bios_cfg.obj (.swi)

.switch    0    00016038    00000028     
                  00016038    00000028     rtdx.lib : rtdx_mon.o62 (.switch)

.log       0    00016060    00000018     
                  00016060    00000018     dsp_bios_cfg.obj (.log)

.idl       0    00016078    00000010     UNINITIALIZED
                  00016078    00000010     dsp_bios_cfg.obj (.idl)

.idlcal    0    00016088    00000010     UNINITIALIZED
                  00016088    00000010     dsp_bios_cfg.obj (.idlcal)

.sys       0    00016098    00000010     UNINITIALIZED
                  00016098    00000010     dsp_bios_cfg.obj (.sys)

.trcdata   0    000160a8    0000000c     
                  000160a8    0000000c     bios.a67 : trc.o67 (.trcdata)

.clk       0    000160b4    00000008     UNINITIALIZED
                  000160b4    00000008     dsp_bios_cfg.obj (.clk)


GLOBAL SYMBOLS: SORTED ALPHABETICALLY BY Name 

address    name
--------   ----
000155b0   $bss
000155b0   .bss
00000000   .data
00008200   .text
000145fc   BIOS$$CLKOFF
000145bc   BIOS$$CLKON
00014440   BIOS_init
00014664   BIOS_start
00000000   BUF$
00000001   BUF_ENABLED
00000001   CLK$
000160b4   CLK_A_TABBEG
00000001   CLK_CALDIV
00000004   CLK_CALMULT
0000dbba   CLK_COUNTSPMS
00000000   CLK_COUNTSPMSHIGH
000156d8   CLK_D_idletime
000156d4   CLK_D_isrhook
000156d0   CLK_D_tabbeg
000156cc   CLK_D_timefxn
000117a0   CLK_F_getfhtime
000117c0   CLK_F_gethtime
000108a0   CLK_F_getltime
000117c0   CLK_F_getshtime
000108b4   CLK_F_isr
00010a14   CLK_F_itime
0000e540   CLK_HOOKFXN
00000001   CLK_HTIMEDIV
00000004   CLK_HTIMEMULT
0000dbba   CLK_HTIMEPERLTIME
00004000   CLK_INTBIT
00000001   CLK_LTIMEDIV
00036ee8   CLK_LTIMEMULT
000003e8   CLK_MICROSECS
0000dbba   CLK_PRD
00000000   CLK_PRDHIGH
01940000   CLK_REGS
000156c8   CLK_R_time
00000020   CLK_TCR
00000000   CLK_TDDR
00000000   CLK_TDDRHIGH
000117c0   CLK_TIMEFXN
00000000   CLK_TIMERNUM
00000001   CLK_USETIMER
000160b8   CLK_null
00000000   DEV$
00000000   DGN$
00000000   DHL$
00000000   DHL_gChannelsAvailable
00000000   DIO$
00000000   DIO_NUMSWIBASE
00000000   DIO_NUMTSKBASE
00000000   DIO_STATIC
00000000   DPI$
00011860   FXN_F_nop
00011868   FXN_F_run
000118b8   FXN_F_zero
00000001   GBL$
00005205   GBL_A_VERSION
00000000   GBL_BIGENDIAN
00000000   GBL_C641XL2PRIORITY
00000000   GBL_CACHE
00000001   GBL_CALLCSLCFGINIT
00004e20   GBL_CLKIN
00001770   GBL_CLKTYPE
00001a39   GBL_DSPSUBTYPE
0000003e   GBL_DSPTYPE
00000001   GBL_ENABLEINST
00000042   GBL_FOOTPRINT
00036ee8   GBL_FREQ
00002226   GBL_L2ALLOC
00000000   GBL_L2CONFIGALLOC
00000001   GBL_L2CONFIGURE
00000001   GBL_L2MARMASK
00000000   GBL_L2MARMASK1
00000000   GBL_L2MARMASK2
00000000   GBL_L2MARMASK3
00000000   GBL_L2MARMASK4
00000000   GBL_L2MARMASK5
00000000   GBL_L2MODE
00000000   GBL_L2PRIORITY
00000000   GBL_NULL
00000000   GBL_PROCID
00000000   GBL_ROM
00000000   GBL_SUPPORTCSL
0000dbef   GBL_TRCMASKVALUE
00000001   GBL_USERINIT
0000c2c8   GBL_USERINITFXN
00000001   GBL_boot
000160b0   GBL_initdone
000151b0   GBL_stackbeg
000155af   GBL_stackend
00000000   GIO$
00011e20   GIO_CREATEFXN
00011e20   GIO_DELETEFXN
00011e20   GIO_PENDFXN
00011e20   GIO_POSTFXN
00000000   HOOK$
00000000   HOOK_KNLID
00000001   HST$
00015fa0   HST_A_TABBEG
00015fdc   HST_A_TABEND
00000000   HST_DSM
0001586c   HST_DSMBUFSEG
00000400   HST_DSMMEMSIZE
00015744   HST_D_chanmask
00015748   HST_D_tabbeg
0001574c   HST_D_tabend
000000ff   HST_MAXFRAMEALLOWED
00000040   HST_MAXFRAMESET
00000000   HST_NONE
00000001   HST_RTDX
00000001   HWI$
00000000   HWI_A_VECS
00004018   HWI_CFGDISPATCHED
000158b4   HWI_D_bss
000158b8   HWI_D_ccmask
000158a4   HWI_D_spsave
0000e540   HWI_F_dispatch
00000000   HWI_GENERATE_RESET_VEC
0000000a   HWI_INT10
00000000   HWI_INT10$hwi
0000000b   HWI_INT11
00000000   HWI_INT11$hwi
0000000c   HWI_INT12
00000000   HWI_INT12$hwi
0000000d   HWI_INT13
00000000   HWI_INT13$hwi
0000000e   HWI_INT14
00000000   HWI_INT14$hwi
0000000f   HWI_INT15
00000000   HWI_INT15$hwi
00000004   HWI_INT4
00000000   HWI_INT4$hwi
00000005   HWI_INT5
00000000   HWI_INT5$hwi
00000006   HWI_INT6
00000000   HWI_INT6$hwi
00000007   HWI_INT7
00000000   HWI_INT7$hwi
00000008   HWI_INT8
00000000   HWI_INT8$hwi
00000009   HWI_INT9
00000000   HWI_INT9$hwi
082039a3   HWI_INTRMULTHIGH
310718cf   HWI_INTRMULTLOW
00000001   HWI_NMI
00000000   HWI_NMI$hwi
00000000   HWI_POLARITYMASK
00000002   HWI_RESERVED0
00000000   HWI_RESERVED0$hwi
00000003   HWI_RESERVED1
00000000   HWI_RESERVED1$hwi
00000000   HWI_RESET
00000000   HWI_RESET$hwi
00000001   HWI_ZEROTAB
00000001   IDL$
00016088   IDL_A_CALBEG
00016078   IDL_A_TABBEG
00000006   IDL_CALIBRERROR
00011d20   IDL_CALIBRFXN
00015910   IDL_D_busyObj
000156b8   IDL_D_calbeg
000156b4   IDL_D_calibrate
000156b0   IDL_D_tabbeg
00016084   IDL_END
00016094   IDL_END$
000118e0   IDL_F_busy
00011a60   IDL_F_calibrate
00011e60   IDL_F_loop
00011d20   IDL_F_stub
00000001   IDL_USECLKIDLTIME
00016000   IDL_busyObj
00015c5b   IDL_busyObj$avgfmt
00000001   IDL_busyObj$filter
00000001   IDL_busyObj$iA
00000000   IDL_busyObj$iB
00000001   IDL_busyObj$iC
00015c55   IDL_busyObj$maxfmt
00000000   IDL_busyObj$operation
00015ffc   IDL_busyObj$stsobj
00015c58   IDL_busyObj$sumfmt
00000002   IDL_busyObj$unittype
00016078   IDL_cpuLoad
00016088   IDL_cpuLoad$
0001586c   IRAM
00000200   IRAM$B
00008000   IRAM$L
00000001   ISRC$
00010860   KNL_glue
0001600c   KNL_swi
00000001   KNL_swi$dorta
00000000   KNL_swi$ord
00000000   KNL_swi$pri
00015fe0   KNL_swi$sts
00015c31   KNL_swi$sts$avgfmt
00000002   KNL_swi$sts$filter
00000001   KNL_swi$sts$filtmaxmult
00000001   KNL_swi$sts$filtsummult
00015c21   KNL_swi$sts$maxfmt
00015fdc   KNL_swi$sts$stsobj
00015c29   KNL_swi$sts$sumfmt
00000000   KNL_swi$sts$unittype
00000000   KNL_swi$swi
00000001   LCK$
0000d420   LNK_F_checkBufferCall
0000d4a0   LNK_F_dataPump
0000d440   LNK_F_getChanPtr
0000d498   LNK_F_init
0000d9e4   LNK_F_readCallBack
0001607c   LNK_dataPump
0001608c   LNK_dataPump$
000158c0   LNK_dspFrameReadyMask
000158bc   LNK_dspFrameRequestMask
0000d740   LNK_newin
0000d880   LNK_newout
0000d4b4   LNK_rcloop
0000d580   LNK_rdrtry
000158c8   LNK_readDone
000158cc   LNK_readFail
000158c4   LNK_readPend
0000d590   LNK_rrloop
000158d0   LNK_writeFail
0000d664   LNK_wrloop
0000d654   LNK_wrrtry
00000001   LOG$
00016060   LOG_A_TABBEG
00016078   LOG_A_TABEND
00000001   LOG_A_TABLEN
000156bc   LOG_D_system
00000001   LOG_ENABLED
00011960   LOG_F_event
00016060   LOG_system
00015d00   LOG_system$buf
00000000   LOG_system$datatype
00000000   LOG_system$log
00000040   LOG_system$size
00000000   MBX$
00000001   MEM$
0001586c   MEM_MALLOCSEG
00000000   MEM_NULL
0001586c   MEM_SEGZERO
00000000   MEM_USEMPC
00000001   MEM_gNumHeap
00000000   MSGQ$
00000000   MSGQ_USEMSGQ
00000000   OBJ$
00000000   PIP$
00015c24   PIP_A_TABBEG
00015cec   PIP_A_TABEND
00000002   PIP_A_TABLEN
000156c0   PIP_D_tabbeg
000156c4   PIP_D_tablen
00010114   PIP_F_give
00010114   PIP_F_probe
000101e8   PIP_F_start
00010080   PIP_F_take
00000064   PIP_OBJSIZE
00000000   PIP_gNextId
00000002   PIP_gNumEmbed
00000000   POOL$
00000000   POOL_USEPOOL
00000001   PRD$
00000000   PRD_A_TABBEG
00000000   PRD_A_TABEND
00000000   PRD_A_TABLEN
00015700   PRD_D_cur
00015704   PRD_D_elapsed
00015708   PRD_D_prevtim
0001570c   PRD_D_scalar
00015710   PRD_D_swihandle
00015714   PRD_D_tabbeg
00015718   PRD_D_tablen
0001571c   PRD_D_thook
000156fc   PRD_D_tick
0000ed80   PRD_F_swi
0000f040   PRD_F_tick
00004000   PRD_SCALAR
00000000   PRD_SWIHANDLE
0000fe20   PRD_THOOKFXN
000160b4   PRD_clock
00000001   QUE$
00015720   RTA_D_fromHost
00015728   RTA_D_logval
00015738   RTA_D_stsval
00015724   RTA_D_toHost
00011d60   RTA_F_andn
0000f4d8   RTA_F_dispatch
0000f3e0   RTA_F_getlog
0000f424   RTA_F_getsts
00011d80   RTA_F_or
0000f46c   RTA_F_readblk
0000f498   RTA_F_resetmem
0000f48c   RTA_F_writeword
00016080   RTA_dispatcher
00016090   RTA_dispatcher$
0000f528   RTA_execute
00015fa4   RTA_fromHost
00015cec   RTA_fromHost$buf
00000004   RTA_fromHost$framesize
00000000   RTA_fromHost$hst
00000001   RTA_fromHost$id
00000000   RTA_fromHost$mode
00015c24   RTA_fromHost$pipe
00015c54   RTA_fromHost$pipe$aaa
00015c84   RTA_fromHost$pipe$bbb
00015870   RTA_fromHost$pipe$dtab
00015c28   RTA_fromHost$pipe$rd
00015c58   RTA_fromHost$pipe$wr
00015fac   RTA_fromHost$rtdx
00015fc0   RTA_toHost
00015e00   RTA_toHost$buf
00000040   RTA_toHost$framesize
00000000   RTA_toHost$hst
00000000   RTA_toHost$id
00000001   RTA_toHost$mode
00015c88   RTA_toHost$pipe
00015cb8   RTA_toHost$pipe$aaa
00015ce8   RTA_toHost$pipe$bbb
0001587c   RTA_toHost$pipe$dtab
00015c8c   RTA_toHost$pipe$rd
00015cbc   RTA_toHost$pipe$wr
00015fc8   RTA_toHost$rtdx
00000001   RTDX$
00000408   RTDX_BUFMEMSIZE
0001586c   RTDX_DATAMEMSEG
00000000   RTDX_MODE
00000001   RTDX_NORMALIZED_HDR
00000001   RTDX_USERTDX
00000000   RTDX_USERTEXECUTION
ffffffff   SDRAM
00000000   SEM$
00000000   SIO$
00000001   STS$
00015fdc   STS_A_TABBEG
0001600c   STS_A_TABEND
00011a18   STS_F_add
000119e0   STS_F_delta
00011a44   STS_F_reset
00000001   SWI$
0001600c   SWI_A_TABBEG
00016038   SWI_A_TABEND
00000001   SWI_A_TABLEN
00015794   SWI_D_curfxn
00015784   SWI_D_curmask
00015790   SWI_D_curmbox
00015788   SWI_D_curset
00015780   SWI_D_execaddr
0001579c   SWI_D_inswi
0001578c   SWI_D_lock
00015798   SWI_D_rdybeg
000157a0   SWI_D_rdytab
0001577c   SWI_D_runaddr
00000000   SWI_EHOOKFXN
0000e21c   SWI_EXECFXN
0000e000   SWI_F_enable
0000e21c   SWI_F_exec
0000e248   SWI_F_iexec
0000e070   SWI_F_post
0000e2d8   SWI_F_run
00000000   SWI_IHOOKFXN
0000e2d8   SWI_RUNFXN
00000001   SYS$
00016098   SYS$config
00011da0   SYS_ABORTFXN
00011ea0   SYS_ERRORFXN
00011ec0   SYS_EXITFXN
00011c60   SYS_PUTCFXN
000160ac   TRC_R_mask
000160a8   TRC_cinit
00000001   TSK$
00000000   TSK_NUM_HOOKS
00000001   TSK_PRIORITY
00000000   TSK_READYFXN
00000000   TSK_STACKSEG
00000400   TSK_STACKSIZE
00000000   TSK_SWITCHFXN
00011e20   TSK_VCREATEFXN
00011e20   TSK_VDELETEFXN
00011e20   TSK_VEXITFXN
00015f0c   TSK_idle
00000000   TSK_idle$ord
00000000   TSK_idle$pri
00014db0   TSK_idle$stack
00015148   TSK_idle$stkptr
00015ff0   TSK_idle$sts
00015c4b   TSK_idle$sts$avgfmt
00000002   TSK_idle$sts$filter
00000001   TSK_idle$sts$filtmaxmult
00000001   TSK_idle$sts$filtsummult
00015c3b   TSK_idle$sts$maxfmt
00015fec   TSK_idle$sts$stsobj
00015c43   TSK_idle$sts$sumfmt
00000000   TSK_idle$sts$unittype
00000000   TSK_idle$tsk
00000000   UDEV$
00014440   _BIOS_init
00014664   _BIOS_start
0000dbba   _CLK_COUNTSPMS
000158f0   _CLK_DFLTMICROSECS
000156f8   _CLK_D_countspms
000156ec   _CLK_D_dirty
000158f4   _CLK_D_microseconds
000156f0   _CLK_D_prd
000156f4   _CLK_D_tddr
00010a14   _CLK_F_itime
0000dbba   _CLK_PRD
01940000   _CLK_REGS
00000000   _CLK_TDDR
00000000   _CLK_TIMERNUM
00000001   _CLK_USETIMER
000156dc   _CLK_htimeDiv
000156e0   _CLK_htimeMult
00015908   _CLK_htimePerLtime
00010a14   _CLK_itime
000156e4   _CLK_ltimeDiv
000156e8   _CLK_ltimeMult
000113c0   _CLK_measure
00011cc0   _CLK_start
00011de0   _CLK_stop
000143a8   _Config
00015900   _DSK6713_AIC23_codeccontrolhandle
00015904   _DSK6713_AIC23_codecdatahandle
0000c50c   _DSK6713_AIC23_config
0000b3c0   _DSK6713_AIC23_openCodec
0000c4e8   _DSK6713_AIC23_rget
0000c420   _DSK6713_AIC23_rset
0000a6e0   _DSK6713_getVersion
0000a730   _DSK6713_init
0000a64c   _DSK6713_rget
0000a638   _DSK6713_rset
00015918   _DSK6713_version
0000a560   _DSK6713_wait
0000a604   _DSK6713_waitusec
00011e20   _FXN_F_nop
00011868   _FXN_F_run
000118b8   _FXN_F_zero
00000000   _GBL_CACHE
00015754   _GBL_clkIn
00011040   _GBL_cslCacheInit
00015758   _GBL_freq
00011e40   _GBL_getVersion
00015750   _GBL_procId
0000c2c8   _GBL_setPLLto225MHz
00015fa0   _HST_A_TABBEG
00015fdc   _HST_A_TABEND
00004018   _HWI_CFGDISPATCHED
000158b0   _HWI_D_inhwi
000158a4   _HWI_D_spsave
0000e540   _HWI_F_dispatch
0000000a   _HWI_INT10
0000000b   _HWI_INT11
0000000c   _HWI_INT12
0000000d   _HWI_INT13
0000000e   _HWI_INT14
0000000f   _HWI_INT15
00000004   _HWI_INT4
00000005   _HWI_INT5
00000006   _HWI_INT6
00000007   _HWI_INT7
00000008   _HWI_INT8
00000009   _HWI_INT9
00000001   _HWI_NMI
00000002   _HWI_RESERVED0
00000003   _HWI_RESERVED1
00000000   _HWI_RESET
000155a8   _HWI_STKBOTTOM
000151b0   _HWI_STKTOP
000158a4   _HWI_data
00011b40   _HWI_disable
000155b0   _HWI_dispatchTab
00011b58   _HWI_enable
00011b6c   _HWI_restore
00015888   _H_Codec
00016000   _IDL_busyObj
00016078   _IDL_cpuLoad
00011e60   _IDL_loop
0001586c   _IRAM
00000200   _IRAM_base
00008000   _IRAM_length
0000bda0   _IRQ_map
0000a48c   _ISR_AIC
00015820   _KNL_alarm
00010f00   _KNL_check
00015844   _KNL_curqueue
00015834   _KNL_curtask
0001583c   _KNL_curtime
0001415c   _KNL_dummy
00011174   _KNL_enter
00011120   _KNL_exit
00010fd8   _KNL_idle
0001585c   _KNL_idlefxn
00015828   _KNL_inactive
000114a0   _KNL_ipost
00010ffc   _KNL_max
00015848   _KNL_maxqueue
00011560   _KNL_post
00015838   _KNL_prevtask
0001582c   _KNL_priority
000140bc   _KNL_queues
0000f120   _KNL_run
000106e0   _KNL_saveIsrFrame
00015830   _KNL_set
00015824   _KNL_setpri
0001600c   _KNL_swi
00015840   _KNL_swiptr
000107ac   _KNL_switch
00015850   _KNL_tcreatefxn
00015854   _KNL_tdeletefxn
0000fe20   _KNL_tick
00015858   _KNL_treadyfxn
0001584c   _KNL_tswitchfxn
00015818   _KNL_wFlag
0001581c   _KNL_wList
00011650   _LCK_pend
00011620   _LCK_post
0001607c   _LNK_dataPump
000158c0   _LNK_dspFrameReadyMask
000158bc   _LNK_dspFrameRequestMask
000158c8   _LNK_readDone
000158cc   _LNK_readFail
000158c4   _LNK_readPend
000158d0   _LNK_writeFail
00016060   _LOG_A_TABBEG
00016078   _LOG_A_TABEND
00000001   _LOG_A_TABLEN
000156bc   _LOG_D_system
00011960   _LOG_event
00016060   _LOG_system
0000ca40   _MCBSP_open
0000bf60   _MCBSP_reset
0000cb40   _MCBSP_start
00015914   _MEM
0001575c   _MEM_D_NUMSEGMENTS
00015764   _MEM_D_freelist
00015768   _MEM_D_lockaddr
00015760   _MEM_D_memtab
0001576c   _MEM_D_unlockaddr
0000f960   _MEM_alloc
0000fe40   _MEM_free
00014720   _MEM_init
00015860   _MEM_memtab
00014940   _OBJ_init
00014228   _OBJ_segtab
000141f0   _OBJ_table
00015c24   _PIP_A_TABBEG
00015cec   _PIP_A_TABEND
000156fc   _PRD_D_tick
000160b4   _PRD_clock
00016080   _RTA_dispatcher
00015fa4   _RTA_fromHost
00015fc0   _RTA_toHost
00014960   _RTDX_Buffer
00014d6c   _RTDX_Buffer_End
00013c80   _RTDX_Buffer_Initialize
00013dc0   _RTDX_Buffer_Read
00013ce0   _RTDX_Buffer_ReadCB
00013d40   _RTDX_Buffer_Size
00014d68   _RTDX_Buffer_Start
00013de0   _RTDX_Buffer_Write
000133a0   _RTDX_Buffer_WriteCB
00013d80   _RTDX_Final_RT_Monitor
00013c00   _RTDX_Init_RT_Monitor
00000002   _RTDX_JTAGONLY
00013e20   _RTDX_Mask_IER
000139e0   _RTDX_Mon_Queue
00012fa0   _RTDX_Poll
00000000   _RTDX_interrupt_mask
00014d7c   _RTDX_writing
ffffffff   _SDRAM
00011ba0   _SEM_pend
0000f6a0   _SEM_pendEnterKnl
000112e0   _SEM_post
000112e0   _SEM_postBinary
00011200   _SEM_postEnterKnl
00015fdc   _STS_A_TABBEG
0001600c   _STS_A_TABEND
00011a18   _STS_add
000119e0   _STS_delta
00011a44   _STS_reset
00011e80   _STS_set
00015794   _SWI_D_curfxn
00015784   _SWI_D_curmask
00015788   _SWI_D_curset
00015780   _SWI_D_execaddr
0001579c   _SWI_D_inswi
0001578c   _SWI_D_lock
00015798   _SWI_D_rdybeg
0001577c   _SWI_D_runaddr
0001577c   _SWI_data
0000e070   _SWI_post
00015770   _SYS
0001591c   _SYS_PUTCBEG
00015b1b   _SYS_PUTCEND
00011c00   _SYS_abort
00011ae0   _SYS_error
000116e0   _SYS_exit
000143d0   _SYS_exitStack
000158f8   _SYS_exitStackPtr
000158fc   _SYS_exitStackTop
000160ac   _TRC_R_mask
000158ec   _TSK
00014194   _TSK_ATTRS
000141b0   _TSK_config
00010a60   _TSK_exit
00015f0c   _TSK_idle
000148c0   _TSK_init
000158e4   _TSK_nTasks
000158e8   _TSK_pid
000104e0   _TSK_setup
00010e40   _TSK_startup
000141d0   _TSK_timerSem
00011da0   _UTL_doAbort
00011ea0   _UTL_doError
00011c60   _UTL_doPutc
00011ec0   _UTL_halt
00010a30   __CLK_lat1beg
00010a5c   __CLK_lat1end
0000de54   __GBL_setL2CacheMode
00015778   __HOOK_NUMHOOKS
00015774   __HOOK_knlId
0000e540   __HWI_lat1beg
0000e6c0   __HWI_lat1end
0000e6c0   __HWI_lat2beg
0000e860   __HWI_lat2end1
0000e7ec   __HWI_lat2end2
0000e880   __HWI_lat3beg
0000e980   __HWI_lat3end1
0000e81c   __HWI_lat3end2
000118e0   __IDL_lat1beg
00011930   __IDL_lat1end
000140b4   __IRQ_dispatchTable
00013ff0   __IRQ_eventTable
0000d400   __IRQ_hookFetchPacket
00014074   __IRQ_intTable
00010f50   __KNL_lat1beg
00010fd8   __KNL_lat1end
00011960   __LOG_lat1beg
00014348   __MCBSP_hDev0
0001434c   __MCBSP_hDev1
0001426c   __MEM_mutex
0000f498   __RTA_lat1beg
0000f4d0   __RTA_lat1end
000102c0   __SEM_dopost
00000400   __STACK_SIZE
0000e1ac   __SWI_lat1beg
0000e260   __SWI_lat1end
0000e264   __SWI_lat2beg
0000e2d4   __SWI_lat2end
0000e000   __SWI_lat3beg
0000e06c   __SWI_lat3end
00014244   __TSK_mutex
00014414   ___TI_enable_exit_profile_output
ffffffff   ___TI_pprof_out_hndl
ffffffff   ___TI_prof_data_size
ffffffff   ___TI_prof_data_start
0000d2a0   ___add_dtor
00013e40   ___atexit_func_id__
ffffffff   ___binit__
000155b0   ___bss__
ffffffff   ___c_args__
00011ee0   ___cinit__
00000000   ___data__
00000000   ___edata__
0001591a   ___end__
0000d420   ___etext__
00014434   ___pinit__
00008200   ___text__
00010c00   __auto_init
0001440c   __cleanup_ptr
00008200   __divd
00009a60   __divf
00014410   __dtors_ptr
0000a9e0   __frcmpyd_div
0000cd40   __frcmpyf_div
00014418   __lock
0000d160   __mpyll
0000d3a0   __nop
0000ce20   __nround
0000d3c0   __register_lock
0000d3e0   __register_unlock
000151b0   __stack
0000c5a0   __strasgi
0000d360   __trunc
0001441c   __unlock
000098f4   _aimag
0000cc40   _atexit
00008b60   _bitrev
0001589c   _buffer
00014800   _c_int00
000093e0   _cabs
000094e4   _cadd
0000c6e0   _call_dtors
0000ece8   _calloc
00009708   _cdiv
0000992c   _cexp
00009450   _cmplx
000095fc   _cmul
00009490   _conjg
0000ad60   _cos
00009570   _csub
000090a8   _dft
00008d60   _dftmerge
00014430   _dtors
00014294   _errno
0000b6a0   _exp
00008f58   _fft
0000e9a0   _free
0000c800   _frexp
00008fac   _ifft
000158a0   _index
0000a350   _init_HWI
0000a208   _init_arrays
0000a2a8   _init_hardware
0001588c   _input
00015890   _intermediate
0000c100   _ldexp
00015898   _mag
0000a3dc   _main
0000e9cc   _malloc
0000eb94   _memalign
0000b920   _memcpy
0000c920   _memset
0000cfe0   _modf
0000cf7c   _mono_read_16Bit
0000cf54   _mono_write_16Bit
00015894   _output
00009824   _rdiv
000098bc   _real
0000ea50   _realloc
0000969c   _rmul
000158dc   _rtdxNullChanCnt
000158e0   _rtdxNullFuncCnt
00014d70   _rtdx_buffer_state
00014d90   _rtdx_mon_state
00008bec   _shuffle
0000b0a0   _sin
0000bb60   _sqrt
0000cf28   _stereo_read_16Bit
0000cf00   _stereo_write_16Bit
00008b00   _swap
0000c2a0   _wait500nS
0000a080   _wait_buffer
ffffffff   binit
00011ee0   cinit
00000000   edata
0001591a   end
0000d420   etext
00000000   hwi0
00000020   hwi1
00000140   hwi10
00000160   hwi11
00000180   hwi12
000001a0   hwi13
000001c0   hwi14
000001e0   hwi15
00000040   hwi2
00000060   hwi3
00000080   hwi4
000000a0   hwi5
000000c0   hwi6
000000e0   hwi7
00000100   hwi8
00000120   hwi9
00014434   pinit


GLOBAL SYMBOLS: SORTED BY Symbol Address 

address    name
--------   ----
00000000   .data
00000000   BUF$
00000000   CLK_COUNTSPMSHIGH
00000000   CLK_PRDHIGH
00000000   CLK_TDDR
00000000   CLK_TDDRHIGH
00000000   CLK_TIMERNUM
00000000   DEV$
00000000   DGN$
00000000   DHL$
00000000   DHL_gChannelsAvailable
00000000   DIO$
00000000   DIO_NUMSWIBASE
00000000   DIO_NUMTSKBASE
00000000   DIO_STATIC
00000000   DPI$
00000000   GBL_BIGENDIAN
00000000   GBL_C641XL2PRIORITY
00000000   GBL_CACHE
00000000   GBL_L2CONFIGALLOC
00000000   GBL_L2MARMASK1
00000000   GBL_L2MARMASK2
00000000   GBL_L2MARMASK3
00000000   GBL_L2MARMASK4
00000000   GBL_L2MARMASK5
00000000   GBL_L2MODE
00000000   GBL_L2PRIORITY
00000000   GBL_NULL
00000000   GBL_PROCID
00000000   GBL_ROM
00000000   GBL_SUPPORTCSL
00000000   GIO$
00000000   HOOK$
00000000   HOOK_KNLID
00000000   HST_DSM
00000000   HST_NONE
00000000   HWI_A_VECS
00000000   HWI_GENERATE_RESET_VEC
00000000   HWI_INT10$hwi
00000000   HWI_INT11$hwi
00000000   HWI_INT12$hwi
00000000   HWI_INT13$hwi
00000000   HWI_INT14$hwi
00000000   HWI_INT15$hwi
00000000   HWI_INT4$hwi
00000000   HWI_INT5$hwi
00000000   HWI_INT6$hwi
00000000   HWI_INT7$hwi
00000000   HWI_INT8$hwi
00000000   HWI_INT9$hwi
00000000   HWI_NMI$hwi
00000000   HWI_POLARITYMASK
00000000   HWI_RESERVED0$hwi
00000000   HWI_RESERVED1$hwi
00000000   HWI_RESET
00000000   HWI_RESET$hwi
00000000   IDL_busyObj$iB
00000000   IDL_busyObj$operation
00000000   KNL_swi$ord
00000000   KNL_swi$pri
00000000   KNL_swi$sts$unittype
00000000   KNL_swi$swi
00000000   LOG_system$datatype
00000000   LOG_system$log
00000000   MBX$
00000000   MEM_NULL
00000000   MEM_USEMPC
00000000   MSGQ$
00000000   MSGQ_USEMSGQ
00000000   OBJ$
00000000   PIP$
00000000   PIP_gNextId
00000000   POOL$
00000000   POOL_USEPOOL
00000000   PRD_A_TABBEG
00000000   PRD_A_TABEND
00000000   PRD_A_TABLEN
00000000   PRD_SWIHANDLE
00000000   RTA_fromHost$hst
00000000   RTA_fromHost$mode
00000000   RTA_toHost$hst
00000000   RTA_toHost$id
00000000   RTDX_MODE
00000000   RTDX_USERTEXECUTION
00000000   SEM$
00000000   SIO$
00000000   SWI_EHOOKFXN
00000000   SWI_IHOOKFXN
00000000   TSK_NUM_HOOKS
00000000   TSK_READYFXN
00000000   TSK_STACKSEG
00000000   TSK_SWITCHFXN
00000000   TSK_idle$ord
00000000   TSK_idle$pri
00000000   TSK_idle$sts$unittype
00000000   TSK_idle$tsk
00000000   UDEV$
00000000   _CLK_TDDR
00000000   _CLK_TIMERNUM
00000000   _GBL_CACHE
00000000   _HWI_RESET
00000000   _RTDX_interrupt_mask
00000000   ___data__
00000000   ___edata__
00000000   edata
00000000   hwi0
00000001   BUF_ENABLED
00000001   CLK$
00000001   CLK_CALDIV
00000001   CLK_HTIMEDIV
00000001   CLK_LTIMEDIV
00000001   CLK_USETIMER
00000001   GBL$
00000001   GBL_CALLCSLCFGINIT
00000001   GBL_ENABLEINST
00000001   GBL_L2CONFIGURE
00000001   GBL_L2MARMASK
00000001   GBL_USERINIT
00000001   GBL_boot
00000001   HST$
00000001   HST_RTDX
00000001   HWI$
00000001   HWI_NMI
00000001   HWI_ZEROTAB
00000001   IDL$
00000001   IDL_USECLKIDLTIME
00000001   IDL_busyObj$filter
00000001   IDL_busyObj$iA
00000001   IDL_busyObj$iC
00000001   ISRC$
00000001   KNL_swi$dorta
00000001   KNL_swi$sts$filtmaxmult
00000001   KNL_swi$sts$filtsummult
00000001   LCK$
00000001   LOG$
00000001   LOG_A_TABLEN
00000001   LOG_ENABLED
00000001   MEM$
00000001   MEM_gNumHeap
00000001   PRD$
00000001   QUE$
00000001   RTA_fromHost$id
00000001   RTA_toHost$mode
00000001   RTDX$
00000001   RTDX_NORMALIZED_HDR
00000001   RTDX_USERTDX
00000001   STS$
00000001   SWI$
00000001   SWI_A_TABLEN
00000001   SYS$
00000001   TSK$
00000001   TSK_PRIORITY
00000001   TSK_idle$sts$filtmaxmult
00000001   TSK_idle$sts$filtsummult
00000001   _CLK_USETIMER
00000001   _HWI_NMI
00000001   _LOG_A_TABLEN
00000002   HWI_RESERVED0
00000002   IDL_busyObj$unittype
00000002   KNL_swi$sts$filter
00000002   PIP_A_TABLEN
00000002   PIP_gNumEmbed
00000002   TSK_idle$sts$filter
00000002   _HWI_RESERVED0
00000002   _RTDX_JTAGONLY
00000003   HWI_RESERVED1
00000003   _HWI_RESERVED1
00000004   CLK_CALMULT
00000004   CLK_HTIMEMULT
00000004   HWI_INT4
00000004   RTA_fromHost$framesize
00000004   _HWI_INT4
00000005   HWI_INT5
00000005   _HWI_INT5
00000006   HWI_INT6
00000006   IDL_CALIBRERROR
00000006   _HWI_INT6
00000007   HWI_INT7
00000007   _HWI_INT7
00000008   HWI_INT8
00000008   _HWI_INT8
00000009   HWI_INT9
00000009   _HWI_INT9
0000000a   HWI_INT10
0000000a   _HWI_INT10
0000000b   HWI_INT11
0000000b   _HWI_INT11
0000000c   HWI_INT12
0000000c   _HWI_INT12
0000000d   HWI_INT13
0000000d   _HWI_INT13
0000000e   HWI_INT14
0000000e   _HWI_INT14
0000000f   HWI_INT15
0000000f   _HWI_INT15
00000020   CLK_TCR
00000020   hwi1
0000003e   GBL_DSPTYPE
00000040   HST_MAXFRAMESET
00000040   LOG_system$size
00000040   RTA_toHost$framesize
00000040   hwi2
00000042   GBL_FOOTPRINT
00000060   hwi3
00000064   PIP_OBJSIZE
00000080   hwi4
000000a0   hwi5
000000c0   hwi6
000000e0   hwi7
000000ff   HST_MAXFRAMEALLOWED
00000100   hwi8
00000120   hwi9
00000140   hwi10
00000160   hwi11
00000180   hwi12
000001a0   hwi13
000001c0   hwi14
000001e0   hwi15
00000200   IRAM$B
00000200   _IRAM_base
000003e8   CLK_MICROSECS
00000400   HST_DSMMEMSIZE
00000400   TSK_STACKSIZE
00000400   __STACK_SIZE
00000408   RTDX_BUFMEMSIZE
00001770   GBL_CLKTYPE
00001a39   GBL_DSPSUBTYPE
00002226   GBL_L2ALLOC
00004000   CLK_INTBIT
00004000   PRD_SCALAR
00004018   HWI_CFGDISPATCHED
00004018   _HWI_CFGDISPATCHED
00004e20   GBL_CLKIN
00005205   GBL_A_VERSION
00008000   IRAM$L
00008000   _IRAM_length
00008200   .text
00008200   ___text__
00008200   __divd
00008b00   _swap
00008b60   _bitrev
00008bec   _shuffle
00008d60   _dftmerge
00008f58   _fft
00008fac   _ifft
000090a8   _dft
000093e0   _cabs
00009450   _cmplx
00009490   _conjg
000094e4   _cadd
00009570   _csub
000095fc   _cmul
0000969c   _rmul
00009708   _cdiv
00009824   _rdiv
000098bc   _real
000098f4   _aimag
0000992c   _cexp
00009a60   __divf
0000a080   _wait_buffer
0000a208   _init_arrays
0000a2a8   _init_hardware
0000a350   _init_HWI
0000a3dc   _main
0000a48c   _ISR_AIC
0000a560   _DSK6713_wait
0000a604   _DSK6713_waitusec
0000a638   _DSK6713_rset
0000a64c   _DSK6713_rget
0000a6e0   _DSK6713_getVersion
0000a730   _DSK6713_init
0000a9e0   __frcmpyd_div
0000ad60   _cos
0000b0a0   _sin
0000b3c0   _DSK6713_AIC23_openCodec
0000b6a0   _exp
0000b920   _memcpy
0000bb60   _sqrt
0000bda0   _IRQ_map
0000bf60   _MCBSP_reset
0000c100   _ldexp
0000c2a0   _wait500nS
0000c2c8   GBL_USERINITFXN
0000c2c8   _GBL_setPLLto225MHz
0000c420   _DSK6713_AIC23_rset
0000c4e8   _DSK6713_AIC23_rget
0000c50c   _DSK6713_AIC23_config
0000c5a0   __strasgi
0000c6e0   _call_dtors
0000c800   _frexp
0000c920   _memset
0000ca40   _MCBSP_open
0000cb40   _MCBSP_start
0000cc40   _atexit
0000cd40   __frcmpyf_div
0000ce20   __nround
0000cf00   _stereo_write_16Bit
0000cf28   _stereo_read_16Bit
0000cf54   _mono_write_16Bit
0000cf7c   _mono_read_16Bit
0000cfe0   _modf
0000d160   __mpyll
0000d2a0   ___add_dtor
0000d360   __trunc
0000d3a0   __nop
0000d3c0   __register_lock
0000d3e0   __register_unlock
0000d400   __IRQ_hookFetchPacket
0000d420   LNK_F_checkBufferCall
0000d420   ___etext__
0000d420   etext
0000d440   LNK_F_getChanPtr
0000d498   LNK_F_init
0000d4a0   LNK_F_dataPump
0000d4b4   LNK_rcloop
0000d580   LNK_rdrtry
0000d590   LNK_rrloop
0000d654   LNK_wrrtry
0000d664   LNK_wrloop
0000d740   LNK_newin
0000d880   LNK_newout
0000d9e4   LNK_F_readCallBack
0000dbba   CLK_COUNTSPMS
0000dbba   CLK_HTIMEPERLTIME
0000dbba   CLK_PRD
0000dbba   _CLK_COUNTSPMS
0000dbba   _CLK_PRD
0000dbef   GBL_TRCMASKVALUE
0000de54   __GBL_setL2CacheMode
0000e000   SWI_F_enable
0000e000   __SWI_lat3beg
0000e06c   __SWI_lat3end
0000e070   SWI_F_post
0000e070   _SWI_post
0000e1ac   __SWI_lat1beg
0000e21c   SWI_EXECFXN
0000e21c   SWI_F_exec
0000e248   SWI_F_iexec
0000e260   __SWI_lat1end
0000e264   __SWI_lat2beg
0000e2d4   __SWI_lat2end
0000e2d8   SWI_F_run
0000e2d8   SWI_RUNFXN
0000e540   CLK_HOOKFXN
0000e540   HWI_F_dispatch
0000e540   _HWI_F_dispatch
0000e540   __HWI_lat1beg
0000e6c0   __HWI_lat1end
0000e6c0   __HWI_lat2beg
0000e7ec   __HWI_lat2end2
0000e81c   __HWI_lat3end2
0000e860   __HWI_lat2end1
0000e880   __HWI_lat3beg
0000e980   __HWI_lat3end1
0000e9a0   _free
0000e9cc   _malloc
0000ea50   _realloc
0000eb94   _memalign
0000ece8   _calloc
0000ed80   PRD_F_swi
0000f040   PRD_F_tick
0000f120   _KNL_run
0000f3e0   RTA_F_getlog
0000f424   RTA_F_getsts
0000f46c   RTA_F_readblk
0000f48c   RTA_F_writeword
0000f498   RTA_F_resetmem
0000f498   __RTA_lat1beg
0000f4d0   __RTA_lat1end
0000f4d8   RTA_F_dispatch
0000f528   RTA_execute
0000f6a0   _SEM_pendEnterKnl
0000f960   _MEM_alloc
0000fe20   PRD_THOOKFXN
0000fe20   _KNL_tick
0000fe40   _MEM_free
00010080   PIP_F_take
00010114   PIP_F_give
00010114   PIP_F_probe
000101e8   PIP_F_start
000102c0   __SEM_dopost
000104e0   _TSK_setup
000106e0   _KNL_saveIsrFrame
000107ac   _KNL_switch
00010860   KNL_glue
000108a0   CLK_F_getltime
000108b4   CLK_F_isr
00010a14   CLK_F_itime
00010a14   _CLK_F_itime
00010a14   _CLK_itime
00010a30   __CLK_lat1beg
00010a5c   __CLK_lat1end
00010a60   _TSK_exit
00010c00   __auto_init
00010e40   _TSK_startup
00010f00   _KNL_check
00010f50   __KNL_lat1beg
00010fd8   _KNL_idle
00010fd8   __KNL_lat1end
00010ffc   _KNL_max
00011040   _GBL_cslCacheInit
00011120   _KNL_exit
00011174   _KNL_enter
00011200   _SEM_postEnterKnl
000112e0   _SEM_post
000112e0   _SEM_postBinary
000113c0   _CLK_measure
000114a0   _KNL_ipost
00011560   _KNL_post
00011620   _LCK_post
00011650   _LCK_pend
000116e0   _SYS_exit
000117a0   CLK_F_getfhtime
000117c0   CLK_F_gethtime
000117c0   CLK_F_getshtime
000117c0   CLK_TIMEFXN
00011860   FXN_F_nop
00011868   FXN_F_run
00011868   _FXN_F_run
000118b8   FXN_F_zero
000118b8   _FXN_F_zero
000118e0   IDL_F_busy
000118e0   __IDL_lat1beg
00011930   __IDL_lat1end
00011960   LOG_F_event
00011960   _LOG_event
00011960   __LOG_lat1beg
000119e0   STS_F_delta
000119e0   _STS_delta
00011a18   STS_F_add
00011a18   _STS_add
00011a44   STS_F_reset
00011a44   _STS_reset
00011a60   IDL_F_calibrate
00011ae0   _SYS_error
00011b40   _HWI_disable
00011b58   _HWI_enable
00011b6c   _HWI_restore
00011ba0   _SEM_pend
00011c00   _SYS_abort
00011c60   SYS_PUTCFXN
00011c60   _UTL_doPutc
00011cc0   _CLK_start
00011d20   IDL_CALIBRFXN
00011d20   IDL_F_stub
00011d60   RTA_F_andn
00011d80   RTA_F_or
00011da0   SYS_ABORTFXN
00011da0   _UTL_doAbort
00011de0   _CLK_stop
00011e20   GIO_CREATEFXN
00011e20   GIO_DELETEFXN
00011e20   GIO_PENDFXN
00011e20   GIO_POSTFXN
00011e20   TSK_VCREATEFXN
00011e20   TSK_VDELETEFXN
00011e20   TSK_VEXITFXN
00011e20   _FXN_F_nop
00011e40   _GBL_getVersion
00011e60   IDL_F_loop
00011e60   _IDL_loop
00011e80   _STS_set
00011ea0   SYS_ERRORFXN
00011ea0   _UTL_doError
00011ec0   SYS_EXITFXN
00011ec0   _UTL_halt
00011ee0   ___cinit__
00011ee0   cinit
00012fa0   _RTDX_Poll
000133a0   _RTDX_Buffer_WriteCB
000139e0   _RTDX_Mon_Queue
00013c00   _RTDX_Init_RT_Monitor
00013c80   _RTDX_Buffer_Initialize
00013ce0   _RTDX_Buffer_ReadCB
00013d40   _RTDX_Buffer_Size
00013d80   _RTDX_Final_RT_Monitor
00013dc0   _RTDX_Buffer_Read
00013de0   _RTDX_Buffer_Write
00013e20   _RTDX_Mask_IER
00013e40   ___atexit_func_id__
00013ff0   __IRQ_eventTable
00014074   __IRQ_intTable
000140b4   __IRQ_dispatchTable
000140bc   _KNL_queues
0001415c   _KNL_dummy
00014194   _TSK_ATTRS
000141b0   _TSK_config
000141d0   _TSK_timerSem
000141f0   _OBJ_table
00014228   _OBJ_segtab
00014244   __TSK_mutex
0001426c   __MEM_mutex
00014294   _errno
00014348   __MCBSP_hDev0
0001434c   __MCBSP_hDev1
000143a8   _Config
000143d0   _SYS_exitStack
0001440c   __cleanup_ptr
00014410   __dtors_ptr
00014414   ___TI_enable_exit_profile_output
00014418   __lock
0001441c   __unlock
00014430   _dtors
00014434   ___pinit__
00014434   pinit
00014440   BIOS_init
00014440   _BIOS_init
000145bc   BIOS$$CLKON
000145fc   BIOS$$CLKOFF
00014664   BIOS_start
00014664   _BIOS_start
00014720   _MEM_init
00014800   _c_int00
000148c0   _TSK_init
00014940   _OBJ_init
00014960   _RTDX_Buffer
00014d68   _RTDX_Buffer_Start
00014d6c   _RTDX_Buffer_End
00014d70   _rtdx_buffer_state
00014d7c   _RTDX_writing
00014d90   _rtdx_mon_state
00014db0   TSK_idle$stack
00015148   TSK_idle$stkptr
000151b0   GBL_stackbeg
000151b0   _HWI_STKTOP
000151b0   __stack
000155a8   _HWI_STKBOTTOM
000155af   GBL_stackend
000155b0   $bss
000155b0   .bss
000155b0   _HWI_dispatchTab
000155b0   ___bss__
000156b0   IDL_D_tabbeg
000156b4   IDL_D_calibrate
000156b8   IDL_D_calbeg
000156bc   LOG_D_system
000156bc   _LOG_D_system
000156c0   PIP_D_tabbeg
000156c4   PIP_D_tablen
000156c8   CLK_R_time
000156cc   CLK_D_timefxn
000156d0   CLK_D_tabbeg
000156d4   CLK_D_isrhook
000156d8   CLK_D_idletime
000156dc   _CLK_htimeDiv
000156e0   _CLK_htimeMult
000156e4   _CLK_ltimeDiv
000156e8   _CLK_ltimeMult
000156ec   _CLK_D_dirty
000156f0   _CLK_D_prd
000156f4   _CLK_D_tddr
000156f8   _CLK_D_countspms
000156fc   PRD_D_tick
000156fc   _PRD_D_tick
00015700   PRD_D_cur
00015704   PRD_D_elapsed
00015708   PRD_D_prevtim
0001570c   PRD_D_scalar
00015710   PRD_D_swihandle
00015714   PRD_D_tabbeg
00015718   PRD_D_tablen
0001571c   PRD_D_thook
00015720   RTA_D_fromHost
00015724   RTA_D_toHost
00015728   RTA_D_logval
00015738   RTA_D_stsval
00015744   HST_D_chanmask
00015748   HST_D_tabbeg
0001574c   HST_D_tabend
00015750   _GBL_procId
00015754   _GBL_clkIn
00015758   _GBL_freq
0001575c   _MEM_D_NUMSEGMENTS
00015760   _MEM_D_memtab
00015764   _MEM_D_freelist
00015768   _MEM_D_lockaddr
0001576c   _MEM_D_unlockaddr
00015770   _SYS
00015774   __HOOK_knlId
00015778   __HOOK_NUMHOOKS
0001577c   SWI_D_runaddr
0001577c   _SWI_D_runaddr
0001577c   _SWI_data
00015780   SWI_D_execaddr
00015780   _SWI_D_execaddr
00015784   SWI_D_curmask
00015784   _SWI_D_curmask
00015788   SWI_D_curset
00015788   _SWI_D_curset
0001578c   SWI_D_lock
0001578c   _SWI_D_lock
00015790   SWI_D_curmbox
00015794   SWI_D_curfxn
00015794   _SWI_D_curfxn
00015798   SWI_D_rdybeg
00015798   _SWI_D_rdybeg
0001579c   SWI_D_inswi
0001579c   _SWI_D_inswi
000157a0   SWI_D_rdytab
00015818   _KNL_wFlag
0001581c   _KNL_wList
00015820   _KNL_alarm
00015824   _KNL_setpri
00015828   _KNL_inactive
0001582c   _KNL_priority
00015830   _KNL_set
00015834   _KNL_curtask
00015838   _KNL_prevtask
0001583c   _KNL_curtime
00015840   _KNL_swiptr
00015844   _KNL_curqueue
00015848   _KNL_maxqueue
0001584c   _KNL_tswitchfxn
00015850   _KNL_tcreatefxn
00015854   _KNL_tdeletefxn
00015858   _KNL_treadyfxn
0001585c   _KNL_idlefxn
00015860   _MEM_memtab
0001586c   HST_DSMBUFSEG
0001586c   IRAM
0001586c   MEM_MALLOCSEG
0001586c   MEM_SEGZERO
0001586c   RTDX_DATAMEMSEG
0001586c   _IRAM
00015870   RTA_fromHost$pipe$dtab
0001587c   RTA_toHost$pipe$dtab
00015888   _H_Codec
0001588c   _input
00015890   _intermediate
00015894   _output
00015898   _mag
0001589c   _buffer
000158a0   _index
000158a4   HWI_D_spsave
000158a4   _HWI_D_spsave
000158a4   _HWI_data
000158b0   _HWI_D_inhwi
000158b4   HWI_D_bss
000158b8   HWI_D_ccmask
000158bc   LNK_dspFrameRequestMask
000158bc   _LNK_dspFrameRequestMask
000158c0   LNK_dspFrameReadyMask
000158c0   _LNK_dspFrameReadyMask
000158c4   LNK_readPend
000158c4   _LNK_readPend
000158c8   LNK_readDone
000158c8   _LNK_readDone
000158cc   LNK_readFail
000158cc   _LNK_readFail
000158d0   LNK_writeFail
000158d0   _LNK_writeFail
000158dc   _rtdxNullChanCnt
000158e0   _rtdxNullFuncCnt
000158e4   _TSK_nTasks
000158e8   _TSK_pid
000158ec   _TSK
000158f0   _CLK_DFLTMICROSECS
000158f4   _CLK_D_microseconds
000158f8   _SYS_exitStackPtr
000158fc   _SYS_exitStackTop
00015900   _DSK6713_AIC23_codeccontrolhandle
00015904   _DSK6713_AIC23_codecdatahandle
00015908   _CLK_htimePerLtime
00015910   IDL_D_busyObj
00015914   _MEM
00015918   _DSK6713_version
0001591a   ___end__
0001591a   end
0001591c   _SYS_PUTCBEG
00015b1b   _SYS_PUTCEND
00015c21   KNL_swi$sts$maxfmt
00015c24   PIP_A_TABBEG
00015c24   RTA_fromHost$pipe
00015c24   _PIP_A_TABBEG
00015c28   RTA_fromHost$pipe$rd
00015c29   KNL_swi$sts$sumfmt
00015c31   KNL_swi$sts$avgfmt
00015c3b   TSK_idle$sts$maxfmt
00015c43   TSK_idle$sts$sumfmt
00015c4b   TSK_idle$sts$avgfmt
00015c54   RTA_fromHost$pipe$aaa
00015c55   IDL_busyObj$maxfmt
00015c58   IDL_busyObj$sumfmt
00015c58   RTA_fromHost$pipe$wr
00015c5b   IDL_busyObj$avgfmt
00015c84   RTA_fromHost$pipe$bbb
00015c88   RTA_toHost$pipe
00015c8c   RTA_toHost$pipe$rd
00015cb8   RTA_toHost$pipe$aaa
00015cbc   RTA_toHost$pipe$wr
00015ce8   RTA_toHost$pipe$bbb
00015cec   PIP_A_TABEND
00015cec   RTA_fromHost$buf
00015cec   _PIP_A_TABEND
00015d00   LOG_system$buf
00015e00   RTA_toHost$buf
00015f0c   TSK_idle
00015f0c   _TSK_idle
00015fa0   HST_A_TABBEG
00015fa0   _HST_A_TABBEG
00015fa4   RTA_fromHost
00015fa4   _RTA_fromHost
00015fac   RTA_fromHost$rtdx
00015fc0   RTA_toHost
00015fc0   _RTA_toHost
00015fc8   RTA_toHost$rtdx
00015fdc   HST_A_TABEND
00015fdc   KNL_swi$sts$stsobj
00015fdc   STS_A_TABBEG
00015fdc   _HST_A_TABEND
00015fdc   _STS_A_TABBEG
00015fe0   KNL_swi$sts
00015fec   TSK_idle$sts$stsobj
00015ff0   TSK_idle$sts
00015ffc   IDL_busyObj$stsobj
00016000   IDL_busyObj
00016000   _IDL_busyObj
0001600c   KNL_swi
0001600c   STS_A_TABEND
0001600c   SWI_A_TABBEG
0001600c   _KNL_swi
0001600c   _STS_A_TABEND
00016038   SWI_A_TABEND
00016060   LOG_A_TABBEG
00016060   LOG_system
00016060   _LOG_A_TABBEG
00016060   _LOG_system
00016078   IDL_A_TABBEG
00016078   IDL_cpuLoad
00016078   LOG_A_TABEND
00016078   _IDL_cpuLoad
00016078   _LOG_A_TABEND
0001607c   LNK_dataPump
0001607c   _LNK_dataPump
00016080   RTA_dispatcher
00016080   _RTA_dispatcher
00016084   IDL_END
00016088   IDL_A_CALBEG
00016088   IDL_cpuLoad$
0001608c   LNK_dataPump$
00016090   RTA_dispatcher$
00016094   IDL_END$
00016098   SYS$config
000160a8   TRC_cinit
000160ac   TRC_R_mask
000160ac   _TRC_R_mask
000160b0   GBL_initdone
000160b4   CLK_A_TABBEG
000160b4   PRD_clock
000160b4   _PRD_clock
000160b8   CLK_null
00036ee8   CLK_LTIMEMULT
00036ee8   GBL_FREQ
01940000   CLK_REGS
01940000   _CLK_REGS
082039a3   HWI_INTRMULTHIGH
310718cf   HWI_INTRMULTLOW
ffffffff   SDRAM
ffffffff   _SDRAM
ffffffff   ___TI_pprof_out_hndl
ffffffff   ___TI_prof_data_size
ffffffff   ___TI_prof_data_start
ffffffff   ___binit__
ffffffff   ___c_args__
ffffffff   binit

[765 symbols]
