******************************************************************************
               TMS320C6x Linker PC v6.1.15                     
******************************************************************************
>> Linked Fri Mar 27 09:42:15 2015

OUTPUT FILE NAME:   <RTDSP.out>
ENTRY POINT SYMBOL: "_c_int00"  address: 0000c300


MEMORY CONFIGURATION

         name            origin    length      used     unused   attr    fill
----------------------  --------  ---------  --------  --------  ----  --------
  IRAM                  00000000   00040000  0000d7cf  00032831  RWIX
  SDRAM                 80000000   00800000  00000000  00800000  RWIX


SECTION ALLOCATION MAP

 output                                  attributes/
section   page    origin      length       input sections
--------  ----  ----------  ----------   ----------------
.vers      0    00000000    00000040     COPY SECTION
                  00000000    00000040     dsp_bios_cfg.obj (.vers)

.prd       0    00000000    00000000     UNINITIALIZED

.hwi_vec   0    00000000    00000200     
                  00000000    00000200     dsp_bios_cfg.obj (.hwi_vec)

.data      0    00000000    00000000     UNINITIALIZED

.bios      0    00000200    00004ac0     
                  00000200    00000600     lnkrtdx.a67 : rtdx.o67 (.bios)
                  00000800    000005e0     bios.a67 : gbl_setL2CacheMode.o67 (.bios)
                  00000de0    00000540              : swi.o67 (.bios)
                  00001320    00000460              : hwi_disp_asm.o67 (.bios)
                  00001780    000003e0              : malloc.o67 (.bios)
                  00001b60    000003a0              : prd.o67 (.bios)
                  00001f00    000002c0              : knl_run.o67 (.bios)
                  000021c0    000002c0              : rta.o67 (.bios)
                  00002480    000002c0              : sem_pend.o67 (.bios)
                  00002740    00000280              : mem_allo.o67 (.bios:.near)
                  000029c0    00000260              : knl_tick.o67 (.bios)
                  00002c20    00000240              : mem_free.o67 (.bios:.near)
                  00002e60    00000240              : pip.o67 (.bios)
                  000030a0    00000220              : sem_dopo.o67 (.bios)
                  000032c0    00000200              : tsk_setu.o67 (.bios)
                  000034c0    000001c0              : knl_swit.o67 (.bios)
                  00003680    000001c0     biosC6000.a67 : clk.o67 (.bios)
                  00003840    000001a0     bios.a67 : tsk_exit.o67 (.bios)
                  000039e0    00000180              : autoinit.o67 (.bios)
                  00003b60    00000180              : tsk_stup.o67 (.bios)
                  00003ce0    00000140              : knl_chec.o67 (.bios)
                  00003e20    000000e0              : gbl_cslcacheinit.o67 (.bios)
                  00003f00    000000e0              : knl_exit.o67 (.bios)
                  00003fe0    000000e0              : sem_post.o67 (.bios)
                  000040c0    000000e0              : sem_post_asm.o67 (.bios)
                  000041a0    000000e0     biosC6000.a67 : clk_meas.o67 (.bios)
                  00004280    000000c0     bios.a67 : knl_ipos.o67 (.bios)
                  00004340    000000c0              : knl_post.o67 (.bios)
                  00004400    000000c0              : lck.o67 (.bios)
                  000044c0    000000c0              : sys_exit.o67 (.bios)
                  00004580    000000c0     biosC6000.a67 : clk_htime.o67 (.bios)
                  00004640    00000080     bios.a67 : fxn.o67 (.bios)
                  000046c0    00000080              : idl_busy.o67 (.bios)
                  00004740    00000080              : log.o67 (.bios)
                  000047c0    00000080              : sts.o67 (.bios)
                  00004840    00000080     biosC6000.a67 : idl_cal.o67 (.bios)
                  000048c0    00000060     bios.a67 : sys_erro.o67 (.bios:.near)
                  00004920    00000060              : hwi_c.o67 (.bios)
                  00004980    00000060              : sem_pend_counting.o67 (.bios)
                  000049e0    00000060              : sys_abor.o67 (.bios)
                  00004a40    00000060              : utl_putc.o67 (.bios)
                  00004aa0    00000060     biosC6000.a67 : clk_start.o67 (.bios)
                  00004b00    00000040     bios.a67 : idl_stub.o67 (.bios)
                  00004b40    00000040              : rta_andn.o67 (.bios)
                  00004b80    00000040              : utl_doab.o67 (.bios)
                  00004bc0    00000040     biosC6000.a67 : clk_stop.o67 (.bios)
                  00004c00    00000020     bios.a67 : fxn_c.o67 (.bios)
                  00004c20    00000020              : gbl_vers.o67 (.bios)
                  00004c40    00000020              : idl.o67 (.bios)
                  00004c60    00000020              : sts_set.o67 (.bios)
                  00004c80    00000020              : utl_doer.o67 (.bios)
                  00004ca0    00000020              : utl_halt.o67 (.bios)

.text      0    00004cc0    000049c0     
                  00004cc0    00000f00     intio.obj (.text)
                  00005bc0    00000900     rts6700.lib : divd.obj (.text:__divd)
                  000064c0    00000620                 : divf.obj (.text:__divf)
                  00006ae0    00000480     dsk6713bslccsv4.lib : dsk6713.obj (.text)
                  00006f60    00000380     rts6700.lib : frcmpyd_div.obj (.text:__frcmpyd_div)
                  000072e0    00000340                 : cos.obj (.text:_cos)
                  00007620    000002e0     dsk6713bslccsv4.lib : dsk6713_aic23_opencodec.obj (.text)
                  00007900    00000280     rts6700.lib : exp.obj (.text:_exp)
                  00007b80    00000240                 : memcpy62.obj (.text:_memcpy)
                  00007dc0    00000240                 : sqrt.obj (.text:_sqrt)
                  00008000    000001c0     csl6713.lib : csl_irq.obj (.text:_IRQ_map)
                  000081c0    000001a0                 : csl_mcbsp.obj (.text:_MCBSP_reset)
                  00008360    000001a0     rts6700.lib : ldexp.obj (.text:_ldexp)
                  00008500    00000180     bios.a67 : gbl_cslpllinit62.o67 (.text)
                  00008680    00000180     dsk6713bslccsv4.lib : dsk6713_aic23_registers.obj (.text)
                  00008800    00000140     rts6700.lib : strasg.obj (.text:__strasgi)
                  00008940    00000120                 : sinit.obj (.text:_call_dtors)
                  00008a60    00000120                 : frexp.obj (.text:_frexp)
                  00008b80    00000120                 : memset.obj (.text:_memset)
                  00008ca0    00000100     csl6713.lib : csl_mcbsp.obj (.text:_MCBSP_open)
                  00008da0    00000100                 : csl_mcbsp.obj (.text:_MCBSP_start)
                  00008ea0    00000100     rts6700.lib : atexit.obj (.text:_atexit)
                  00008fa0    000000e0                 : frcmpyf_div.obj (.text:__frcmpyf_div)
                  00009080    000000e0                 : round.obj (.text:__nround)
                  00009160    000000e0     dsk6713bslccsv4.lib : helper_functions_ISR.obj (.text)
                  00009240    000000c0     rts6700.lib : modf.obj (.text:_modf)
                  00009300    000000c0     bios.a67 : tsk_stup.o67 (.text)
                  000093c0    000000a0     rts6700.lib : mpyll.obj (.text:__mpyll)
                  00009460    000000a0     csl6713.lib : csl_irq.obj (.text:_setMux)
                  00009500    00000040     rts6700.lib : sinit.obj (.text:___add_dtor)
                  00009540    00000040                 : divd.obj (.text:___isnan)
                  00009580    00000040                 : divf.obj (.text:___isnanf)
                  000095c0    00000040                 : trunc.obj (.text:__trunc)
                  00009600    00000020                 : _lock.obj (.text:__nop)
                  00009620    00000020                 : _lock.obj (.text:__register_lock)
                  00009640    00000020                 : _lock.obj (.text:__register_unlock)
                  00009660    00000020     csl6713.lib : csl_irq.obj (.text)

.cinit     0    00009680    0000111c     
                  00009680    00000564     dsp_bios_cfg.obj (.cinit)
                  00009be4    00000004     --HOLE-- [fill = 0]
                  00009be8    0000026c     bios.a67 : biosdata.o67 (.cinit)
                  00009e54    00000004     --HOLE-- [fill = 0]
                  00009e58    000001a4              : knl.o67 (.cinit)
                  00009ffc    00000004     --HOLE-- [fill = 0]
                  0000a000    0000012c     csl6713.lib : csl_irq.obj (.cinit)
                  0000a12c    00000004     --HOLE-- [fill = 0]
                  0000a130    0000012c     intio.obj (.cinit)
                  0000a25c    00000004     --HOLE-- [fill = 0]
                  0000a260    000000b0     bios.a67 : swi.o67 (.cinit)
                  0000a310    00000070              : tsk.o67 (.cinit)
                  0000a380    00000060              : tsk_stup.o67 (.cinit)
                  0000a3e0    0000005c     lnkrtdx.a67 : rtdx.o67 (.cinit)
                  0000a43c    00000004     --HOLE-- [fill = 0]
                  0000a440    00000054     csl6713.lib : csl_mcbsp.obj (.cinit)
                  0000a494    00000004     --HOLE-- [fill = 0]
                  0000a498    0000004c     bios.a67 : rta.o67 (.cinit)
                  0000a4e4    00000004     --HOLE-- [fill = 0]
                  0000a4e8    0000004c     rtdx.lib : buffer1.o62 (.cinit)
                  0000a534    00000004     --HOLE-- [fill = 0]
                  0000a538    00000048     rts6700.lib : cos.obj (.cinit)
                  0000a580    00000040                 : exp.obj (.cinit)
                  0000a5c0    00000034     bios.a67 : hwi.o67 (.cinit)
                  0000a5f4    00000004     --HOLE-- [fill = 0]
                  0000a5f8    00000030     dsk6713bslccsv4.lib : dsk6713_aic23_registers.obj (.cinit)
                  0000a628    0000002c     bios.a67 : utl_putc.o67 (.cinit)
                  0000a654    00000004     --HOLE-- [fill = 0]
                  0000a658    0000002c     rts6700.lib : exit.obj (.cinit)
                  0000a684    00000004     --HOLE-- [fill = 0]
                  0000a688    00000024     bios.a67 : obj_init.o67 (.cinit)
                  0000a6ac    00000004     --HOLE-- [fill = 0]
                  0000a6b0    0000001c              : sys.o67 (.cinit)
                  0000a6cc    00000004     --HOLE-- [fill = 0]
                  0000a6d0    0000001c     rts6700.lib : _lock.obj (.cinit)
                  0000a6ec    00000004     --HOLE-- [fill = 0]
                  0000a6f0    0000001c                 : atexit.obj (.cinit)
                  0000a70c    00000004     --HOLE-- [fill = 0]
                  0000a710    00000018     bios.a67 : knl_tick.o67 (.cinit)
                  0000a728    00000010     rts6700.lib : divd.obj (.cinit)
                  0000a738    00000010                 : divf.obj (.cinit)
                  0000a748    0000000c     bios.a67 : gbl_setL2CacheMode.o67 (.cinit)
                  0000a754    00000004     --HOLE-- [fill = 0]
                  0000a758    0000000c              : idl_busy.o67 (.cinit)
                  0000a764    00000004     --HOLE-- [fill = 0]
                  0000a768    0000000c              : knl_swit.o67 (.cinit)
                  0000a774    00000004     --HOLE-- [fill = 0]
                  0000a778    0000000c     rts6700.lib : errno.obj (.cinit)
                  0000a784    00000004     --HOLE-- [fill = 0]
                  0000a788    0000000c                 : sinit.obj (.cinit)
                  0000a794    00000004     --HOLE-- [fill = 0]
                  0000a798    00000004     (.pad.cinit) [fill = 0]

.args      0    0000a79c    00000004     
                  0000a79c    00000004     --HOLE-- [fill = 0]

.rtdx_text 
*          0    0000a7a0    00000ea0     
                  0000a7a0    00000400     rtdx.lib : rtdx_mon.o62 (.rtdx_text:_RTDX_Poll)
                  0000aba0    00000340              : buffer1.o62 (.rtdx_text:_RTDX_Buffer_WriteCB)
                  0000aee0    00000300              : buffer1.o62 (.rtdx_text:_RTDX_write_next)
                  0000b1e0    00000140              : rtdx_mon.o62 (.rtdx_text:_RTDX_Mon_Queue)
                  0000b320    000000e0              : buffer1.o62 (.rtdx_text:_claim)
                  0000b400    00000080              : rtdx_mon.o62 (.rtdx_text:_RTDX_Init_RT_Monitor)
                  0000b480    00000060              : buffer1.o62 (.rtdx_text:_RTDX_Buffer_Initialize)
                  0000b4e0    00000060              : buffer2.o62 (.rtdx_text:_RTDX_Buffer_ReadCB)
                  0000b540    00000040              : buffer1.o62 (.rtdx_text:_RTDX_Buffer_Size)
                  0000b580    00000040              : rtdx_mon.o62 (.rtdx_text:_RTDX_Final_RT_Monitor)
                  0000b5c0    00000020              : buffer2.o62 (.rtdx_text:_RTDX_Buffer_Read)
                  0000b5e0    00000020              : buffer1.o62 (.rtdx_text:_RTDX_Buffer_Write)
                  0000b600    00000020              : rtdx_mon.o62 (.rtdx_text:_RTDX_checksum)
                  0000b620    00000020              : intr_tgt.o62 (.rtdx_text)

.far       0    0000b640    000005b4     UNINITIALIZED
                  0000b640    00000188     rts6700.lib : atexit.obj (.far)
                  0000b7c8    000000f4     csl6713.lib : csl_irq.obj (.far)
                  0000b8bc    000000d8     bios.a67 : knl.o67 (.far)
                  0000b994    0000005c              : tsk.o67 (.far)
                  0000b9f0    00000054              : obj_init.o67 (.far)
                  0000ba44    00000050              : tsk_stup.o67 (.far)
                  0000ba94    00000004     rts6700.lib : errno.obj (.far)
                  0000ba98    00000040                 : cos.obj (.far)
                  0000bad8    00000038     csl6713.lib : csl_mcbsp.obj (.far)
                  0000bb10    00000030     rts6700.lib : exp.obj (.far)
                  0000bb40    00000028     dsk6713bslccsv4.lib : dsk6713_aic23_registers.obj (.far)
                  0000bb68    00000028     intio.obj (.far)
                  0000bb90    00000020     bios.a67 : sys.o67 (.far)
                  0000bbb0    00000010              : knl_tick.o67 (.far)
                  0000bbc0    0000000c              : utl_putc.o67 (.far)
                  0000bbcc    0000000c     rts6700.lib : exit.obj (.far)
                  0000bbd8    00000008                 : _lock.obj (.far)
                  0000bbe0    00000008                 : divd.obj (.far)
                  0000bbe8    00000008                 : divf.obj (.far)
                  0000bbf0    00000004                 : sinit.obj (.far)

.rtdx_data 
*          0    0000bbf4    0000044c     UNINITIALIZED
                  0000bbf4    00000410     dsp_bios_cfg.obj (.rtdx_data)
                  0000c004    00000020     rtdx.lib : buffer1.o62 (.rtdx_data)
                  0000c024    0000001c              : rtdx_mon.o62 (.rtdx_data)

.sysinit   0    0000c040    00000420     
                  0000c040    000002c0     dsp_bios_cfg.obj (.sysinit)
                  0000c300    000000c0     bios.a67 : boot.o67 (.sysinit)
                  0000c3c0    00000080              : tsk_init.o67 (.sysinit)
                  0000c440    00000020              : obj_init.o67 (.sysinit)

.TSK_idle$stk 
*          0    0000c460    00000400     UNINITIALIZED
                  0000c460    00000400     dsp_bios_cfg.obj (.TSK_idle$stk)

.stack     0    0000c860    00000400     UNINITIALIZED
                  0000c860    00000400     --HOLE--

.bss       0    0000cc60    000003ce     UNINITIALIZED
                  0000cc60    00000100     bios.a67 : hwi_disp_asm.o67 (.bss)
                  0000cd60    000000cc              : biosdata.o67 (.bss)
                  0000ce2c    0000009c              : swi.o67 (.bss)
                  0000cec8    00000090     intio.obj (.bss)
                  0000cf58    00000048     bios.a67 : knl.o67 (.bss)
                  0000cfa0    00000018              : hwi.o67 (.bss)
                  0000cfb8    00000018     dsp_bios_cfg.obj (.bss)
                  0000cfd0    00000018     lnkrtdx.a67 : rtdx.o67 (.bss)
                  0000cfe8    00000010     rtdx.lib : buffer1.o62 (.bss)
                  0000cff8    0000000c     bios.a67 : tsk.o67 (.bss)
                  0000d004    00000008              : clk_data.o67 (.bss)
                  0000d00c    00000008              : sys.o67 (.bss)
                  0000d014    00000008     dsk6713bslccsv4.lib : dsk6713_aic23_opencodec.obj (.bss)
                  0000d01c    00000004     bios.a67 : clk_data2.o67 (.bss)
                  0000d020    00000004              : gbl_setL2CacheMode.o67 (.bss)
                  0000d024    00000004              : idl_busy.o67 (.bss)
                  0000d028    00000004              : mem_asm.o67 (.bss)
                  0000d02c    00000002     dsk6713bslccsv4.lib : dsk6713.obj (.bss)

.trace     0    0000d030    00000200     
                  0000d030    00000200     --HOLE-- [fill = 00000000]

.const     0    0000d230    00000101     
                  0000d230    0000004e     bios.a67 : tsk_stup.o67 (.const)
                  0000d27e    00000002     --HOLE-- [fill = 0]
                  0000d280    00000040     dsk6713bslccsv4.lib : dsk6713_aic23_opencodec.obj (.const)
                  0000d2c0    00000023     bios.a67 : utl_doab.o67 (.const)
                  0000d2e3    00000022              : utl_doer.o67 (.const)
                  0000d305    00000003     --HOLE-- [fill = 0]
                  0000d308    00000020     dsk6713bslccsv4.lib : dsk6713.obj (.const)
                  0000d328    00000004     bios.a67 : mem_allo.o67 (.const)
                  0000d32c    00000004              : mem_free.o67 (.const)
                  0000d330    00000001              : tsk.o67 (.const)

.printf    0    0000d331    0000003f     COPY SECTION
                  0000d331    0000003f     dsp_bios_cfg.obj (.printf)

.pip       0    0000d334    000000c8     UNINITIALIZED
                  0000d334    000000c8     dsp_bios_cfg.obj (.pip)

.LOG_system$buf 
*          0    0000d400    00000100     UNINITIALIZED
                  0000d400    00000100     dsp_bios_cfg.obj (.LOG_system$buf)

.hst0      0    0000d500    00000100     UNINITIALIZED
                  0000d500    00000100     dsp_bios_cfg.obj (.hst0)

.tsk       0    0000d600    00000060     UNINITIALIZED
                  0000d600    00000060     dsp_bios_cfg.obj (.tsk)

.gblinit   0    0000d660    00000040     
                  0000d660    00000040     dsp_bios_cfg.obj (.gblinit)

.hst       0    0000d6a0    0000003c     UNINITIALIZED
                  0000d6a0    0000003c     dsp_bios_cfg.obj (.hst)

.sts       0    0000d6dc    00000030     
                  0000d6dc    00000030     dsp_bios_cfg.obj (.sts)

.swi       0    0000d70c    0000002c     UNINITIALIZED
                  0000d70c    0000002c     dsp_bios_cfg.obj (.swi)

.switch    0    0000d738    00000028     
                  0000d738    00000028     rtdx.lib : rtdx_mon.o62 (.switch)

.log       0    0000d760    00000018     
                  0000d760    00000018     dsp_bios_cfg.obj (.log)

.hst1      0    0000d778    00000010     UNINITIALIZED
                  0000d778    00000010     dsp_bios_cfg.obj (.hst1)

.idl       0    0000d788    00000010     UNINITIALIZED
                  0000d788    00000010     dsp_bios_cfg.obj (.idl)

.idlcal    0    0000d798    00000010     UNINITIALIZED
                  0000d798    00000010     dsp_bios_cfg.obj (.idlcal)

.sys       0    0000d7a8    00000010     UNINITIALIZED
                  0000d7a8    00000010     dsp_bios_cfg.obj (.sys)

.pinit     0    0000d7b8    0000000c     
                  0000d7b8    00000004     rtdx.lib : buffer1.o62 (.pinit)
                  0000d7bc    00000004              : rtdx_mon.o62 (.pinit)
                  0000d7c0    00000004     --HOLE-- [fill = 0]

.trcdata   0    0000d7c4    0000000c     
                  0000d7c4    0000000c     bios.a67 : trc.o67 (.trcdata)

.clk       0    0000d7d0    00000008     UNINITIALIZED
                  0000d7d0    00000008     dsp_bios_cfg.obj (.clk)


GLOBAL SYMBOLS: SORTED ALPHABETICALLY BY Name 

address    name
--------   ----
0000cc60   $bss
0000cc60   .bss
00000000   .data
00004cc0   .text
0000c1e4   BIOS$$CLKOFF
0000c1a4   BIOS$$CLKON
0000c040   BIOS_init
0000c24c   BIOS_start
00000000   BUF$
00000001   BUF_ENABLED
00000001   CLK$
0000d7d0   CLK_A_TABBEG
00000001   CLK_CALDIV
00000004   CLK_CALMULT
0000dbba   CLK_COUNTSPMS
00000000   CLK_COUNTSPMSHIGH
0000cd88   CLK_D_idletime
0000cd84   CLK_D_isrhook
0000cd80   CLK_D_tabbeg
0000cd7c   CLK_D_timefxn
00004580   CLK_F_getfhtime
000045a0   CLK_F_gethtime
00003680   CLK_F_getltime
000045a0   CLK_F_getshtime
00003694   CLK_F_isr
000037f4   CLK_F_itime
00001320   CLK_HOOKFXN
00000001   CLK_HTIMEDIV
00000004   CLK_HTIMEMULT
0000dbba   CLK_HTIMEPERLTIME
00004000   CLK_INTBIT
00000001   CLK_LTIMEDIV
00036ee8   CLK_LTIMEMULT
000003e8   CLK_MICROSECS
0000dbba   CLK_PRD
00000000   CLK_PRDHIGH
01940000   CLK_REGS
0000cd78   CLK_R_time
00000020   CLK_TCR
00000000   CLK_TDDR
00000000   CLK_TDDRHIGH
000045a0   CLK_TIMEFXN
00000000   CLK_TIMERNUM
00000001   CLK_USETIMER
0000d7d4   CLK_null
00000000   DEV$
00000000   DGN$
00000000   DHL$
00000000   DHL_gChannelsAvailable
00000000   DIO$
00000000   DIO_NUMSWIBASE
00000000   DIO_NUMTSKBASE
00000000   DIO_STATIC
00000000   DPI$
00004640   FXN_F_nop
00004648   FXN_F_run
00004698   FXN_F_zero
00000001   GBL$
00005205   GBL_A_VERSION
00000000   GBL_BIGENDIAN
00000000   GBL_C641XL2PRIORITY
00000000   GBL_CACHE
00000001   GBL_CALLCSLCFGINIT
00004e20   GBL_CLKIN
00001770   GBL_CLKTYPE
00001a39   GBL_DSPSUBTYPE
0000003e   GBL_DSPTYPE
00000001   GBL_ENABLEINST
00000042   GBL_FOOTPRINT
00036ee8   GBL_FREQ
00002226   GBL_L2ALLOC
00000000   GBL_L2CONFIGALLOC
00000001   GBL_L2CONFIGURE
00000001   GBL_L2MARMASK
00000000   GBL_L2MARMASK1
00000000   GBL_L2MARMASK2
00000000   GBL_L2MARMASK3
00000000   GBL_L2MARMASK4
00000000   GBL_L2MARMASK5
00000000   GBL_L2MODE
00000000   GBL_L2PRIORITY
00000000   GBL_NULL
00000000   GBL_PROCID
00000000   GBL_ROM
00000000   GBL_SUPPORTCSL
0000dbef   GBL_TRCMASKVALUE
00000001   GBL_USERINIT
00008528   GBL_USERINITFXN
00000001   GBL_boot
0000d7cc   GBL_initdone
0000c860   GBL_stackbeg
0000cc5f   GBL_stackend
00000000   GIO$
00004c00   GIO_CREATEFXN
00004c00   GIO_DELETEFXN
00004c00   GIO_PENDFXN
00004c00   GIO_POSTFXN
00000000   HOOK$
00000000   HOOK_KNLID
00000001   HST$
0000d6a0   HST_A_TABBEG
0000d6dc   HST_A_TABEND
00000000   HST_DSM
ffffffff   HST_DSMBUFSEG
00000400   HST_DSMMEMSIZE
0000cdf4   HST_D_chanmask
0000cdf8   HST_D_tabbeg
0000cdfc   HST_D_tabend
000000ff   HST_MAXFRAMEALLOWED
00000040   HST_MAXFRAMESET
00000000   HST_NONE
00000001   HST_RTDX
00000001   HWI$
00000000   HWI_A_VECS
00004018   HWI_CFGDISPATCHED
0000cfb0   HWI_D_bss
0000cfb4   HWI_D_ccmask
0000cfa0   HWI_D_spsave
00001320   HWI_F_dispatch
00000000   HWI_GENERATE_RESET_VEC
0000000a   HWI_INT10
00000000   HWI_INT10$hwi
0000000b   HWI_INT11
00000000   HWI_INT11$hwi
0000000c   HWI_INT12
00000000   HWI_INT12$hwi
0000000d   HWI_INT13
00000000   HWI_INT13$hwi
0000000e   HWI_INT14
00000000   HWI_INT14$hwi
0000000f   HWI_INT15
00000000   HWI_INT15$hwi
00000004   HWI_INT4
00000000   HWI_INT4$hwi
00000005   HWI_INT5
00000000   HWI_INT5$hwi
00000006   HWI_INT6
00000000   HWI_INT6$hwi
00000007   HWI_INT7
00000000   HWI_INT7$hwi
00000008   HWI_INT8
00000000   HWI_INT8$hwi
00000009   HWI_INT9
00000000   HWI_INT9$hwi
082039a3   HWI_INTRMULTHIGH
310718cf   HWI_INTRMULTLOW
00000001   HWI_NMI
00000000   HWI_NMI$hwi
00000000   HWI_POLARITYMASK
00000002   HWI_RESERVED0
00000000   HWI_RESERVED0$hwi
00000003   HWI_RESERVED1
00000000   HWI_RESERVED1$hwi
00000000   HWI_RESET
00000000   HWI_RESET$hwi
00000001   HWI_ZEROTAB
00000001   IDL$
0000d798   IDL_A_CALBEG
0000d788   IDL_A_TABBEG
00000006   IDL_CALIBRERROR
00004b00   IDL_CALIBRFXN
0000d024   IDL_D_busyObj
0000cd68   IDL_D_calbeg
0000cd64   IDL_D_calibrate
0000cd60   IDL_D_tabbeg
0000d794   IDL_END
0000d7a4   IDL_END$
000046c0   IDL_F_busy
00004840   IDL_F_calibrate
00004c40   IDL_F_loop
00004b00   IDL_F_stub
00000001   IDL_USECLKIDLTIME
0000d700   IDL_busyObj
0000d36b   IDL_busyObj$avgfmt
00000001   IDL_busyObj$filter
00000001   IDL_busyObj$iA
00000000   IDL_busyObj$iB
00000001   IDL_busyObj$iC
0000d365   IDL_busyObj$maxfmt
00000000   IDL_busyObj$operation
0000d6fc   IDL_busyObj$stsobj
0000d368   IDL_busyObj$sumfmt
00000002   IDL_busyObj$unittype
0000d788   IDL_cpuLoad
0000d798   IDL_cpuLoad$
ffffffff   IRAM
00000001   ISRC$
00003640   KNL_glue
0000d70c   KNL_swi
00000001   KNL_swi$dorta
00000000   KNL_swi$ord
00000000   KNL_swi$pri
0000d6e0   KNL_swi$sts
0000d341   KNL_swi$sts$avgfmt
00000002   KNL_swi$sts$filter
00000001   KNL_swi$sts$filtmaxmult
00000001   KNL_swi$sts$filtsummult
0000d331   KNL_swi$sts$maxfmt
0000d6dc   KNL_swi$sts$stsobj
0000d339   KNL_swi$sts$sumfmt
00000000   KNL_swi$sts$unittype
00000000   KNL_swi$swi
00000001   LCK$
00000200   LNK_F_checkBufferCall
00000280   LNK_F_dataPump
00000220   LNK_F_getChanPtr
00000278   LNK_F_init
000007c4   LNK_F_readCallBack
0000d78c   LNK_dataPump
0000d79c   LNK_dataPump$
0000cfd4   LNK_dspFrameReadyMask
0000cfd0   LNK_dspFrameRequestMask
00000520   LNK_newin
00000660   LNK_newout
00000294   LNK_rcloop
00000360   LNK_rdrtry
0000cfdc   LNK_readDone
0000cfe0   LNK_readFail
0000cfd8   LNK_readPend
00000370   LNK_rrloop
0000cfe4   LNK_writeFail
00000444   LNK_wrloop
00000434   LNK_wrrtry
00000001   LOG$
0000d760   LOG_A_TABBEG
0000d778   LOG_A_TABEND
00000001   LOG_A_TABLEN
0000cd6c   LOG_D_system
00000001   LOG_ENABLED
00004740   LOG_F_event
0000d760   LOG_system
0000d400   LOG_system$buf
00000000   LOG_system$datatype
00000000   LOG_system$log
00000040   LOG_system$size
00000000   MBX$
00000001   MEM$
00000000   MEM_MALLOCSEG
00000000   MEM_NULL
00000000   MEM_SEGZERO
00000000   MEM_USEMPC
00000000   MEM_gNumHeap
00000000   MSGQ$
00000000   MSGQ_USEMSGQ
00000000   OBJ$
00000000   PIP$
0000d334   PIP_A_TABBEG
0000d3fc   PIP_A_TABEND
00000002   PIP_A_TABLEN
0000cd70   PIP_D_tabbeg
0000cd74   PIP_D_tablen
00002ef4   PIP_F_give
00002ef4   PIP_F_probe
00002fc8   PIP_F_start
00002e60   PIP_F_take
00000064   PIP_OBJSIZE
00000000   PIP_gNextId
00000002   PIP_gNumEmbed
00000000   POOL$
00000000   POOL_USEPOOL
00000001   PRD$
00000000   PRD_A_TABBEG
00000000   PRD_A_TABEND
00000000   PRD_A_TABLEN
0000cdb0   PRD_D_cur
0000cdb4   PRD_D_elapsed
0000cdb8   PRD_D_prevtim
0000cdbc   PRD_D_scalar
0000cdc0   PRD_D_swihandle
0000cdc4   PRD_D_tabbeg
0000cdc8   PRD_D_tablen
0000cdcc   PRD_D_thook
0000cdac   PRD_D_tick
00001b60   PRD_F_swi
00001e20   PRD_F_tick
00004000   PRD_SCALAR
00000000   PRD_SWIHANDLE
00002c00   PRD_THOOKFXN
0000d7d0   PRD_clock
00000001   QUE$
0000cdd0   RTA_D_fromHost
0000cdd8   RTA_D_logval
0000cde8   RTA_D_stsval
0000cdd4   RTA_D_toHost
00004b40   RTA_F_andn
000022b8   RTA_F_dispatch
000021c0   RTA_F_getlog
00002204   RTA_F_getsts
00004b60   RTA_F_or
0000224c   RTA_F_readblk
00002278   RTA_F_resetmem
0000226c   RTA_F_writeword
0000d790   RTA_dispatcher
0000d7a0   RTA_dispatcher$
00002308   RTA_execute
0000d6a4   RTA_fromHost
0000d778   RTA_fromHost$buf
00000004   RTA_fromHost$framesize
00000000   RTA_fromHost$hst
00000001   RTA_fromHost$id
00000000   RTA_fromHost$mode
0000d334   RTA_fromHost$pipe
0000d364   RTA_fromHost$pipe$aaa
0000d394   RTA_fromHost$pipe$bbb
0000cfb8   RTA_fromHost$pipe$dtab
0000d338   RTA_fromHost$pipe$rd
0000d368   RTA_fromHost$pipe$wr
0000d6ac   RTA_fromHost$rtdx
0000d6c0   RTA_toHost
0000d500   RTA_toHost$buf
00000040   RTA_toHost$framesize
00000000   RTA_toHost$hst
00000000   RTA_toHost$id
00000001   RTA_toHost$mode
0000d398   RTA_toHost$pipe
0000d3c8   RTA_toHost$pipe$aaa
0000d3f8   RTA_toHost$pipe$bbb
0000cfc4   RTA_toHost$pipe$dtab
0000d39c   RTA_toHost$pipe$rd
0000d3cc   RTA_toHost$pipe$wr
0000d6c8   RTA_toHost$rtdx
00000001   RTDX$
00000408   RTDX_BUFMEMSIZE
ffffffff   RTDX_DATAMEMSEG
00000000   RTDX_MODE
00000001   RTDX_NORMALIZED_HDR
00000001   RTDX_USERTDX
00000000   RTDX_USERTEXECUTION
ffffffff   SDRAM
00000000   SEM$
00000000   SIO$
00000001   STS$
0000d6dc   STS_A_TABBEG
0000d70c   STS_A_TABEND
000047f8   STS_F_add
000047c0   STS_F_delta
00004824   STS_F_reset
00000001   SWI$
0000d70c   SWI_A_TABBEG
0000d738   SWI_A_TABEND
00000001   SWI_A_TABLEN
0000ce44   SWI_D_curfxn
0000ce34   SWI_D_curmask
0000ce40   SWI_D_curmbox
0000ce38   SWI_D_curset
0000ce30   SWI_D_execaddr
0000ce4c   SWI_D_inswi
0000ce3c   SWI_D_lock
0000ce48   SWI_D_rdybeg
0000ce50   SWI_D_rdytab
0000ce2c   SWI_D_runaddr
00000000   SWI_EHOOKFXN
00000ffc   SWI_EXECFXN
00000de0   SWI_F_enable
00000ffc   SWI_F_exec
00001028   SWI_F_iexec
00000e50   SWI_F_post
000010b8   SWI_F_run
00000000   SWI_IHOOKFXN
000010b8   SWI_RUNFXN
00000001   SYS$
0000d7a8   SYS$config
00004b80   SYS_ABORTFXN
00004c80   SYS_ERRORFXN
00004ca0   SYS_EXITFXN
00004a40   SYS_PUTCFXN
0000d7c8   TRC_R_mask
0000d7c4   TRC_cinit
00000001   TSK$
00000000   TSK_NUM_HOOKS
00000001   TSK_PRIORITY
00000000   TSK_READYFXN
00000000   TSK_STACKSEG
00000400   TSK_STACKSIZE
00000000   TSK_SWITCHFXN
00004c00   TSK_VCREATEFXN
00004c00   TSK_VDELETEFXN
00004c00   TSK_VEXITFXN
0000d60c   TSK_idle
00000000   TSK_idle$ord
00000000   TSK_idle$pri
0000c460   TSK_idle$stack
0000c7f8   TSK_idle$stkptr
0000d6f0   TSK_idle$sts
0000d35b   TSK_idle$sts$avgfmt
00000002   TSK_idle$sts$filter
00000001   TSK_idle$sts$filtmaxmult
00000001   TSK_idle$sts$filtsummult
0000d34b   TSK_idle$sts$maxfmt
0000d6ec   TSK_idle$sts$stsobj
0000d353   TSK_idle$sts$sumfmt
00000000   TSK_idle$sts$unittype
00000000   TSK_idle$tsk
00000000   UDEV$
0000c040   _BIOS_init
0000c24c   _BIOS_start
0000dbba   _CLK_COUNTSPMS
0000d004   _CLK_DFLTMICROSECS
0000cda8   _CLK_D_countspms
0000cd9c   _CLK_D_dirty
0000d008   _CLK_D_microseconds
0000cda0   _CLK_D_prd
0000cda4   _CLK_D_tddr
000037f4   _CLK_F_itime
0000dbba   _CLK_PRD
01940000   _CLK_REGS
00000000   _CLK_TDDR
00000000   _CLK_TIMERNUM
00000001   _CLK_USETIMER
0000cd8c   _CLK_htimeDiv
0000cd90   _CLK_htimeMult
0000d01c   _CLK_htimePerLtime
000037f4   _CLK_itime
0000cd94   _CLK_ltimeDiv
0000cd98   _CLK_ltimeMult
000041a0   _CLK_measure
00004aa0   _CLK_start
00004bc0   _CLK_stop
0000bb68   _Config
0000d014   _DSK6713_AIC23_codeccontrolhandle
0000d018   _DSK6713_AIC23_codecdatahandle
0000876c   _DSK6713_AIC23_config
00007620   _DSK6713_AIC23_openCodec
00008748   _DSK6713_AIC23_rget
00008680   _DSK6713_AIC23_rset
00006c60   _DSK6713_getVersion
00006cb0   _DSK6713_init
00006bcc   _DSK6713_rget
00006bb8   _DSK6713_rset
0000d02c   _DSK6713_version
00006ae0   _DSK6713_wait
00006b84   _DSK6713_waitusec
00004c00   _FXN_F_nop
00004648   _FXN_F_run
00004698   _FXN_F_zero
00000000   _GBL_CACHE
0000ce04   _GBL_clkIn
00003e20   _GBL_cslCacheInit
0000ce08   _GBL_freq
00004c20   _GBL_getVersion
0000ce00   _GBL_procId
00008528   _GBL_setPLLto225MHz
0000d6a0   _HST_A_TABBEG
0000d6dc   _HST_A_TABEND
00004018   _HWI_CFGDISPATCHED
0000cfac   _HWI_D_inhwi
0000cfa0   _HWI_D_spsave
00001320   _HWI_F_dispatch
0000000a   _HWI_INT10
0000000b   _HWI_INT11
0000000c   _HWI_INT12
0000000d   _HWI_INT13
0000000e   _HWI_INT14
0000000f   _HWI_INT15
00000004   _HWI_INT4
00000005   _HWI_INT5
00000006   _HWI_INT6
00000007   _HWI_INT7
00000008   _HWI_INT8
00000009   _HWI_INT9
00000001   _HWI_NMI
00000002   _HWI_RESERVED0
00000003   _HWI_RESERVED1
00000000   _HWI_RESET
0000cc58   _HWI_STKBOTTOM
0000c860   _HWI_STKTOP
0000cfa0   _HWI_data
00004920   _HWI_disable
0000cc60   _HWI_dispatchTab
00004938   _HWI_enable
0000494c   _HWI_restore
0000cec8   _H_Codec
0000d700   _IDL_busyObj
0000d788   _IDL_cpuLoad
00004c40   _IDL_loop
ffffffff   _IRAM
00008000   _IRQ_map
00005b08   _ISR_AIC
0000cf60   _KNL_alarm
00003ce0   _KNL_check
0000cf84   _KNL_curqueue
0000cf74   _KNL_curtask
0000cf7c   _KNL_curtime
0000b95c   _KNL_dummy
00003f54   _KNL_enter
00003f00   _KNL_exit
00003db8   _KNL_idle
0000cf9c   _KNL_idlefxn
0000cf68   _KNL_inactive
00004280   _KNL_ipost
00003ddc   _KNL_max
0000cf88   _KNL_maxqueue
00004340   _KNL_post
0000cf78   _KNL_prevtask
0000cf6c   _KNL_priority
0000b8bc   _KNL_queues
00001f00   _KNL_run
000034c0   _KNL_saveIsrFrame
0000cf70   _KNL_set
0000cf64   _KNL_setpri
0000d70c   _KNL_swi
0000cf80   _KNL_swiptr
0000358c   _KNL_switch
0000cf90   _KNL_tcreatefxn
0000cf94   _KNL_tdeletefxn
00002c00   _KNL_tick
0000cf98   _KNL_treadyfxn
0000cf8c   _KNL_tswitchfxn
0000cf58   _KNL_wFlag
0000cf5c   _KNL_wList
00004430   _LCK_pend
00004400   _LCK_post
0000d78c   _LNK_dataPump
0000cfd4   _LNK_dspFrameReadyMask
0000cfd0   _LNK_dspFrameRequestMask
0000cfdc   _LNK_readDone
0000cfe0   _LNK_readFail
0000cfd8   _LNK_readPend
0000cfe4   _LNK_writeFail
0000d760   _LOG_A_TABBEG
0000d778   _LOG_A_TABEND
00000001   _LOG_A_TABLEN
0000cd6c   _LOG_D_system
00004740   _LOG_event
0000d760   _LOG_system
0000cefc   _M1
0000cf00   _M2
0000cf04   _M3
0000cf08   _M4
00008ca0   _MCBSP_open
000081c0   _MCBSP_reset
00008da0   _MCBSP_start
0000d028   _MEM
0000ce0c   _MEM_D_NUMSEGMENTS
0000ce14   _MEM_D_freelist
0000ce18   _MEM_D_lockaddr
0000ce10   _MEM_D_memtab
0000ce1c   _MEM_D_unlockaddr
00002740   _MEM_alloc
00002c20   _MEM_free
00000000   _MEM_memtab
0000cf0c   _N
0000cf10   _N_i
0000c440   _OBJ_init
0000ba28   _OBJ_segtab
0000b9f0   _OBJ_table
0000cf14   _P
0000d334   _PIP_A_TABBEG
0000d3fc   _PIP_A_TABEND
0000cdac   _PRD_D_tick
0000d7d0   _PRD_clock
0000d790   _RTA_dispatcher
0000d6a4   _RTA_fromHost
0000d6c0   _RTA_toHost
0000bbf4   _RTDX_Buffer
0000c000   _RTDX_Buffer_End
0000b480   _RTDX_Buffer_Initialize
0000b5c0   _RTDX_Buffer_Read
0000b4e0   _RTDX_Buffer_ReadCB
0000b540   _RTDX_Buffer_Size
0000bffc   _RTDX_Buffer_Start
0000b5e0   _RTDX_Buffer_Write
0000aba0   _RTDX_Buffer_WriteCB
0000b580   _RTDX_Final_RT_Monitor
0000b400   _RTDX_Init_RT_Monitor
00000002   _RTDX_JTAGONLY
0000b620   _RTDX_Mask_IER
0000b1e0   _RTDX_Mon_Queue
0000a7a0   _RTDX_Poll
00000000   _RTDX_interrupt_mask
0000c010   _RTDX_writing
ffffffff   _SDRAM
00004980   _SEM_pend
00002480   _SEM_pendEnterKnl
000040c0   _SEM_post
000040c0   _SEM_postBinary
00003fe0   _SEM_postEnterKnl
0000cf50   _SNR
0000cf4c   _SNR20
0000cf54   _SNR_GAIN
0000d6dc   _STS_A_TABBEG
0000d70c   _STS_A_TABEND
000047f8   _STS_add
000047c0   _STS_delta
00004824   _STS_reset
00004c60   _STS_set
0000ce44   _SWI_D_curfxn
0000ce34   _SWI_D_curmask
0000ce38   _SWI_D_curset
0000ce30   _SWI_D_execaddr
0000ce4c   _SWI_D_inswi
0000ce3c   _SWI_D_lock
0000ce48   _SWI_D_rdybeg
0000ce2c   _SWI_D_runaddr
0000ce2c   _SWI_data
00000e50   _SWI_post
0000ce20   _SYS
0000d030   _SYS_PUTCBEG
0000d22f   _SYS_PUTCEND
000049e0   _SYS_abort
000048c0   _SYS_error
000044c0   _SYS_exit
0000bb90   _SYS_exitStack
0000d00c   _SYS_exitStackPtr
0000d010   _SYS_exitStackTop
0000d7c8   _TRC_R_mask
0000d000   _TSK
0000b994   _TSK_ATTRS
0000b9b0   _TSK_config
00003840   _TSK_exit
0000d60c   _TSK_idle
0000c3c0   _TSK_init
0000cff8   _TSK_nTasks
0000cffc   _TSK_pid
000032c0   _TSK_setup
00003c20   _TSK_startup
0000b9d0   _TSK_timerSem
00004b80   _UTL_doAbort
00004c80   _UTL_doError
00004a40   _UTL_doPutc
00004ca0   _UTL_halt
00003810   __CLK_lat1beg
0000383c   __CLK_lat1end
00000c34   __GBL_setL2CacheMode
0000ce28   __HOOK_NUMHOOKS
0000ce24   __HOOK_knlId
00001320   __HWI_lat1beg
000014a0   __HWI_lat1end
000014a0   __HWI_lat2beg
00001640   __HWI_lat2end1
000015cc   __HWI_lat2end2
00001660   __HWI_lat3beg
00001760   __HWI_lat3end1
000015fc   __HWI_lat3end2
000046c0   __IDL_lat1beg
00004710   __IDL_lat1end
0000b8b4   __IRQ_dispatchTable
0000b7f0   __IRQ_eventTable
00009660   __IRQ_hookFetchPacket
0000b874   __IRQ_intTable
00003d30   __KNL_lat1beg
00003db8   __KNL_lat1end
00004740   __LOG_lat1beg
0000bb08   __MCBSP_hDev0
0000bb0c   __MCBSP_hDev1
0000ba6c   __MEM_mutex
00002278   __RTA_lat1beg
000022b0   __RTA_lat1end
000030a0   __SEM_dopost
00000400   __STACK_SIZE
00000f8c   __SWI_lat1beg
00001040   __SWI_lat1end
00001044   __SWI_lat2beg
000010b4   __SWI_lat2end
00000de0   __SWI_lat3beg
00000e4c   __SWI_lat3end
0000ba44   __TSK_mutex
0000bbd4   ___TI_enable_exit_profile_output
ffffffff   ___TI_pprof_out_hndl
ffffffff   ___TI_prof_data_size
ffffffff   ___TI_prof_data_start
00009500   ___add_dtor
0000b640   ___atexit_func_id__
ffffffff   ___binit__
0000cc60   ___bss__
ffffffff   ___c_args__
00009680   ___cinit__
00000000   ___data__
00000000   ___edata__
0000d02e   ___end__
00009680   ___etext__
0000d7b8   ___pinit__
00004cc0   ___text__
000039e0   __auto_init
0000bbcc   __cleanup_ptr
00005bc0   __divd
000064c0   __divf
0000bbd0   __dtors_ptr
00006f60   __frcmpyd_div
00008fa0   __frcmpyf_div
0000bbd8   __lock
000093c0   __mpyll
00009600   __nop
00009080   __nround
00009620   __register_lock
00009640   __register_unlock
0000c860   __stack
00008800   __strasgi
000095c0   __trunc
0000bbdc   __unlock
0000cf34   _add1
0000cf40   _alpha
00008ea0   _atexit
0000cf18   _buffer
0000c300   _c_int00
UNDEFED    _cabs
00008940   _call_dtors
00001ac8   _calloc
UNDEFED    _cmplx
000072e0   _cos
0000ceec   _cpufrac
0000bbf0   _dtors
0000ba94   _errno
00007900   _exp
UNDEFED    _fft
00004cc0   _frame_in
0000cef4   _frame_ptr
00001780   _free
00008a60   _frexp
000051f8   _function_switch
0000cef8   _i
UNDEFED    _ifft
0000cecc   _inbuffer
0000ced4   _inframe
0000cee4   _ingain
00005720   _init_HWI
00005678   _init_hardware
0000cedc   _inwin
0000cef0   _io_ptr
0000cf44   _lambda
00008360   _ldexp
0000cf30   _lpf_N_switch
0000cf2c   _lpf_power_switch
0000cf28   _lpf_switch
0000cf20   _lpf_weight_noise
0000cf1c   _lpf_weight_speech
000057ac   _main
000017ac   _malloc
00001974   _memalign
00007b80   _memcpy
00008b80   _memset
00009240   _modf
000091dc   _mono_read_16Bit
000091b4   _mono_write_16Bit
0000cf24   _nc
00004ea8   _noise_estimate
00005118   _noise_reduction
0000ced0   _outbuffer
0000ced8   _outframe
0000cee8   _outgain
0000cee0   _outwin
00005364   _process_frame
0000cf48   _ratio
00001830   _realloc
UNDEFED    _rmul
0000cff0   _rtdxNullChanCnt
0000cff4   _rtdxNullFuncCnt
0000c004   _rtdx_buffer_state
0000c024   _rtdx_mon_state
00007dc0   _sqrt
00009188   _stereo_read_16Bit
00009160   _stereo_write_16Bit
0000cf38   _tau1
0000cf3c   _tau2
00008500   _wait500nS
ffffffff   binit
00009680   cinit
00000000   edata
0000d02e   end
00009680   etext
00000000   hwi0
00000020   hwi1
00000140   hwi10
00000160   hwi11
00000180   hwi12
000001a0   hwi13
000001c0   hwi14
000001e0   hwi15
00000040   hwi2
00000060   hwi3
00000080   hwi4
000000a0   hwi5
000000c0   hwi6
000000e0   hwi7
00000100   hwi8
00000120   hwi9
0000d7b8   pinit


GLOBAL SYMBOLS: SORTED BY Symbol Address 

address    name
--------   ----
00000000   .data
00000000   BUF$
00000000   CLK_COUNTSPMSHIGH
00000000   CLK_PRDHIGH
00000000   CLK_TDDR
00000000   CLK_TDDRHIGH
00000000   CLK_TIMERNUM
00000000   DEV$
00000000   DGN$
00000000   DHL$
00000000   DHL_gChannelsAvailable
00000000   DIO$
00000000   DIO_NUMSWIBASE
00000000   DIO_NUMTSKBASE
00000000   DIO_STATIC
00000000   DPI$
00000000   GBL_BIGENDIAN
00000000   GBL_C641XL2PRIORITY
00000000   GBL_CACHE
00000000   GBL_L2CONFIGALLOC
00000000   GBL_L2MARMASK1
00000000   GBL_L2MARMASK2
00000000   GBL_L2MARMASK3
00000000   GBL_L2MARMASK4
00000000   GBL_L2MARMASK5
00000000   GBL_L2MODE
00000000   GBL_L2PRIORITY
00000000   GBL_NULL
00000000   GBL_PROCID
00000000   GBL_ROM
00000000   GBL_SUPPORTCSL
00000000   GIO$
00000000   HOOK$
00000000   HOOK_KNLID
00000000   HST_DSM
00000000   HST_NONE
00000000   HWI_A_VECS
00000000   HWI_GENERATE_RESET_VEC
00000000   HWI_INT10$hwi
00000000   HWI_INT11$hwi
00000000   HWI_INT12$hwi
00000000   HWI_INT13$hwi
00000000   HWI_INT14$hwi
00000000   HWI_INT15$hwi
00000000   HWI_INT4$hwi
00000000   HWI_INT5$hwi
00000000   HWI_INT6$hwi
00000000   HWI_INT7$hwi
00000000   HWI_INT8$hwi
00000000   HWI_INT9$hwi
00000000   HWI_NMI$hwi
00000000   HWI_POLARITYMASK
00000000   HWI_RESERVED0$hwi
00000000   HWI_RESERVED1$hwi
00000000   HWI_RESET
00000000   HWI_RESET$hwi
00000000   IDL_busyObj$iB
00000000   IDL_busyObj$operation
00000000   KNL_swi$ord
00000000   KNL_swi$pri
00000000   KNL_swi$sts$unittype
00000000   KNL_swi$swi
00000000   LOG_system$datatype
00000000   LOG_system$log
00000000   MBX$
00000000   MEM_MALLOCSEG
00000000   MEM_NULL
00000000   MEM_SEGZERO
00000000   MEM_USEMPC
00000000   MEM_gNumHeap
00000000   MSGQ$
00000000   MSGQ_USEMSGQ
00000000   OBJ$
00000000   PIP$
00000000   PIP_gNextId
00000000   POOL$
00000000   POOL_USEPOOL
00000000   PRD_A_TABBEG
00000000   PRD_A_TABEND
00000000   PRD_A_TABLEN
00000000   PRD_SWIHANDLE
00000000   RTA_fromHost$hst
00000000   RTA_fromHost$mode
00000000   RTA_toHost$hst
00000000   RTA_toHost$id
00000000   RTDX_MODE
00000000   RTDX_USERTEXECUTION
00000000   SEM$
00000000   SIO$
00000000   SWI_EHOOKFXN
00000000   SWI_IHOOKFXN
00000000   TSK_NUM_HOOKS
00000000   TSK_READYFXN
00000000   TSK_STACKSEG
00000000   TSK_SWITCHFXN
00000000   TSK_idle$ord
00000000   TSK_idle$pri
00000000   TSK_idle$sts$unittype
00000000   TSK_idle$tsk
00000000   UDEV$
00000000   _CLK_TDDR
00000000   _CLK_TIMERNUM
00000000   _GBL_CACHE
00000000   _HWI_RESET
00000000   _MEM_memtab
00000000   _RTDX_interrupt_mask
00000000   ___data__
00000000   ___edata__
00000000   edata
00000000   hwi0
00000001   BUF_ENABLED
00000001   CLK$
00000001   CLK_CALDIV
00000001   CLK_HTIMEDIV
00000001   CLK_LTIMEDIV
00000001   CLK_USETIMER
00000001   GBL$
00000001   GBL_CALLCSLCFGINIT
00000001   GBL_ENABLEINST
00000001   GBL_L2CONFIGURE
00000001   GBL_L2MARMASK
00000001   GBL_USERINIT
00000001   GBL_boot
00000001   HST$
00000001   HST_RTDX
00000001   HWI$
00000001   HWI_NMI
00000001   HWI_ZEROTAB
00000001   IDL$
00000001   IDL_USECLKIDLTIME
00000001   IDL_busyObj$filter
00000001   IDL_busyObj$iA
00000001   IDL_busyObj$iC
00000001   ISRC$
00000001   KNL_swi$dorta
00000001   KNL_swi$sts$filtmaxmult
00000001   KNL_swi$sts$filtsummult
00000001   LCK$
00000001   LOG$
00000001   LOG_A_TABLEN
00000001   LOG_ENABLED
00000001   MEM$
00000001   PRD$
00000001   QUE$
00000001   RTA_fromHost$id
00000001   RTA_toHost$mode
00000001   RTDX$
00000001   RTDX_NORMALIZED_HDR
00000001   RTDX_USERTDX
00000001   STS$
00000001   SWI$
00000001   SWI_A_TABLEN
00000001   SYS$
00000001   TSK$
00000001   TSK_PRIORITY
00000001   TSK_idle$sts$filtmaxmult
00000001   TSK_idle$sts$filtsummult
00000001   _CLK_USETIMER
00000001   _HWI_NMI
00000001   _LOG_A_TABLEN
00000002   HWI_RESERVED0
00000002   IDL_busyObj$unittype
00000002   KNL_swi$sts$filter
00000002   PIP_A_TABLEN
00000002   PIP_gNumEmbed
00000002   TSK_idle$sts$filter
00000002   _HWI_RESERVED0
00000002   _RTDX_JTAGONLY
00000003   HWI_RESERVED1
00000003   _HWI_RESERVED1
00000004   CLK_CALMULT
00000004   CLK_HTIMEMULT
00000004   HWI_INT4
00000004   RTA_fromHost$framesize
00000004   _HWI_INT4
00000005   HWI_INT5
00000005   _HWI_INT5
00000006   HWI_INT6
00000006   IDL_CALIBRERROR
00000006   _HWI_INT6
00000007   HWI_INT7
00000007   _HWI_INT7
00000008   HWI_INT8
00000008   _HWI_INT8
00000009   HWI_INT9
00000009   _HWI_INT9
0000000a   HWI_INT10
0000000a   _HWI_INT10
0000000b   HWI_INT11
0000000b   _HWI_INT11
0000000c   HWI_INT12
0000000c   _HWI_INT12
0000000d   HWI_INT13
0000000d   _HWI_INT13
0000000e   HWI_INT14
0000000e   _HWI_INT14
0000000f   HWI_INT15
0000000f   _HWI_INT15
00000020   CLK_TCR
00000020   hwi1
0000003e   GBL_DSPTYPE
00000040   HST_MAXFRAMESET
00000040   LOG_system$size
00000040   RTA_toHost$framesize
00000040   hwi2
00000042   GBL_FOOTPRINT
00000060   hwi3
00000064   PIP_OBJSIZE
00000080   hwi4
000000a0   hwi5
000000c0   hwi6
000000e0   hwi7
000000ff   HST_MAXFRAMEALLOWED
00000100   hwi8
00000120   hwi9
00000140   hwi10
00000160   hwi11
00000180   hwi12
000001a0   hwi13
000001c0   hwi14
000001e0   hwi15
00000200   LNK_F_checkBufferCall
00000220   LNK_F_getChanPtr
00000278   LNK_F_init
00000280   LNK_F_dataPump
00000294   LNK_rcloop
00000360   LNK_rdrtry
00000370   LNK_rrloop
000003e8   CLK_MICROSECS
00000400   HST_DSMMEMSIZE
00000400   TSK_STACKSIZE
00000400   __STACK_SIZE
00000408   RTDX_BUFMEMSIZE
00000434   LNK_wrrtry
00000444   LNK_wrloop
00000520   LNK_newin
00000660   LNK_newout
000007c4   LNK_F_readCallBack
00000c34   __GBL_setL2CacheMode
00000de0   SWI_F_enable
00000de0   __SWI_lat3beg
00000e4c   __SWI_lat3end
00000e50   SWI_F_post
00000e50   _SWI_post
00000f8c   __SWI_lat1beg
00000ffc   SWI_EXECFXN
00000ffc   SWI_F_exec
00001028   SWI_F_iexec
00001040   __SWI_lat1end
00001044   __SWI_lat2beg
000010b4   __SWI_lat2end
000010b8   SWI_F_run
000010b8   SWI_RUNFXN
00001320   CLK_HOOKFXN
00001320   HWI_F_dispatch
00001320   _HWI_F_dispatch
00001320   __HWI_lat1beg
000014a0   __HWI_lat1end
000014a0   __HWI_lat2beg
000015cc   __HWI_lat2end2
000015fc   __HWI_lat3end2
00001640   __HWI_lat2end1
00001660   __HWI_lat3beg
00001760   __HWI_lat3end1
00001770   GBL_CLKTYPE
00001780   _free
000017ac   _malloc
00001830   _realloc
00001974   _memalign
00001a39   GBL_DSPSUBTYPE
00001ac8   _calloc
00001b60   PRD_F_swi
00001e20   PRD_F_tick
00001f00   _KNL_run
000021c0   RTA_F_getlog
00002204   RTA_F_getsts
00002226   GBL_L2ALLOC
0000224c   RTA_F_readblk
0000226c   RTA_F_writeword
00002278   RTA_F_resetmem
00002278   __RTA_lat1beg
000022b0   __RTA_lat1end
000022b8   RTA_F_dispatch
00002308   RTA_execute
00002480   _SEM_pendEnterKnl
00002740   _MEM_alloc
00002c00   PRD_THOOKFXN
00002c00   _KNL_tick
00002c20   _MEM_free
00002e60   PIP_F_take
00002ef4   PIP_F_give
00002ef4   PIP_F_probe
00002fc8   PIP_F_start
000030a0   __SEM_dopost
000032c0   _TSK_setup
000034c0   _KNL_saveIsrFrame
0000358c   _KNL_switch
00003640   KNL_glue
00003680   CLK_F_getltime
00003694   CLK_F_isr
000037f4   CLK_F_itime
000037f4   _CLK_F_itime
000037f4   _CLK_itime
00003810   __CLK_lat1beg
0000383c   __CLK_lat1end
00003840   _TSK_exit
000039e0   __auto_init
00003c20   _TSK_startup
00003ce0   _KNL_check
00003d30   __KNL_lat1beg
00003db8   _KNL_idle
00003db8   __KNL_lat1end
00003ddc   _KNL_max
00003e20   _GBL_cslCacheInit
00003f00   _KNL_exit
00003f54   _KNL_enter
00003fe0   _SEM_postEnterKnl
00004000   CLK_INTBIT
00004000   PRD_SCALAR
00004018   HWI_CFGDISPATCHED
00004018   _HWI_CFGDISPATCHED
000040c0   _SEM_post
000040c0   _SEM_postBinary
000041a0   _CLK_measure
00004280   _KNL_ipost
00004340   _KNL_post
00004400   _LCK_post
00004430   _LCK_pend
000044c0   _SYS_exit
00004580   CLK_F_getfhtime
000045a0   CLK_F_gethtime
000045a0   CLK_F_getshtime
000045a0   CLK_TIMEFXN
00004640   FXN_F_nop
00004648   FXN_F_run
00004648   _FXN_F_run
00004698   FXN_F_zero
00004698   _FXN_F_zero
000046c0   IDL_F_busy
000046c0   __IDL_lat1beg
00004710   __IDL_lat1end
00004740   LOG_F_event
00004740   _LOG_event
00004740   __LOG_lat1beg
000047c0   STS_F_delta
000047c0   _STS_delta
000047f8   STS_F_add
000047f8   _STS_add
00004824   STS_F_reset
00004824   _STS_reset
00004840   IDL_F_calibrate
000048c0   _SYS_error
00004920   _HWI_disable
00004938   _HWI_enable
0000494c   _HWI_restore
00004980   _SEM_pend
000049e0   _SYS_abort
00004a40   SYS_PUTCFXN
00004a40   _UTL_doPutc
00004aa0   _CLK_start
00004b00   IDL_CALIBRFXN
00004b00   IDL_F_stub
00004b40   RTA_F_andn
00004b60   RTA_F_or
00004b80   SYS_ABORTFXN
00004b80   _UTL_doAbort
00004bc0   _CLK_stop
00004c00   GIO_CREATEFXN
00004c00   GIO_DELETEFXN
00004c00   GIO_PENDFXN
00004c00   GIO_POSTFXN
00004c00   TSK_VCREATEFXN
00004c00   TSK_VDELETEFXN
00004c00   TSK_VEXITFXN
00004c00   _FXN_F_nop
00004c20   _GBL_getVersion
00004c40   IDL_F_loop
00004c40   _IDL_loop
00004c60   _STS_set
00004c80   SYS_ERRORFXN
00004c80   _UTL_doError
00004ca0   SYS_EXITFXN
00004ca0   _UTL_halt
00004cc0   .text
00004cc0   ___text__
00004cc0   _frame_in
00004e20   GBL_CLKIN
00004ea8   _noise_estimate
00005118   _noise_reduction
000051f8   _function_switch
00005205   GBL_A_VERSION
00005364   _process_frame
00005678   _init_hardware
00005720   _init_HWI
000057ac   _main
00005b08   _ISR_AIC
00005bc0   __divd
000064c0   __divf
00006ae0   _DSK6713_wait
00006b84   _DSK6713_waitusec
00006bb8   _DSK6713_rset
00006bcc   _DSK6713_rget
00006c60   _DSK6713_getVersion
00006cb0   _DSK6713_init
00006f60   __frcmpyd_div
000072e0   _cos
00007620   _DSK6713_AIC23_openCodec
00007900   _exp
00007b80   _memcpy
00007dc0   _sqrt
00008000   _IRQ_map
000081c0   _MCBSP_reset
00008360   _ldexp
00008500   _wait500nS
00008528   GBL_USERINITFXN
00008528   _GBL_setPLLto225MHz
00008680   _DSK6713_AIC23_rset
00008748   _DSK6713_AIC23_rget
0000876c   _DSK6713_AIC23_config
00008800   __strasgi
00008940   _call_dtors
00008a60   _frexp
00008b80   _memset
00008ca0   _MCBSP_open
00008da0   _MCBSP_start
00008ea0   _atexit
00008fa0   __frcmpyf_div
00009080   __nround
00009160   _stereo_write_16Bit
00009188   _stereo_read_16Bit
000091b4   _mono_write_16Bit
000091dc   _mono_read_16Bit
00009240   _modf
000093c0   __mpyll
00009500   ___add_dtor
000095c0   __trunc
00009600   __nop
00009620   __register_lock
00009640   __register_unlock
00009660   __IRQ_hookFetchPacket
00009680   ___cinit__
00009680   ___etext__
00009680   cinit
00009680   etext
0000a7a0   _RTDX_Poll
0000aba0   _RTDX_Buffer_WriteCB
0000b1e0   _RTDX_Mon_Queue
0000b400   _RTDX_Init_RT_Monitor
0000b480   _RTDX_Buffer_Initialize
0000b4e0   _RTDX_Buffer_ReadCB
0000b540   _RTDX_Buffer_Size
0000b580   _RTDX_Final_RT_Monitor
0000b5c0   _RTDX_Buffer_Read
0000b5e0   _RTDX_Buffer_Write
0000b620   _RTDX_Mask_IER
0000b640   ___atexit_func_id__
0000b7f0   __IRQ_eventTable
0000b874   __IRQ_intTable
0000b8b4   __IRQ_dispatchTable
0000b8bc   _KNL_queues
0000b95c   _KNL_dummy
0000b994   _TSK_ATTRS
0000b9b0   _TSK_config
0000b9d0   _TSK_timerSem
0000b9f0   _OBJ_table
0000ba28   _OBJ_segtab
0000ba44   __TSK_mutex
0000ba6c   __MEM_mutex
0000ba94   _errno
0000bb08   __MCBSP_hDev0
0000bb0c   __MCBSP_hDev1
0000bb68   _Config
0000bb90   _SYS_exitStack
0000bbcc   __cleanup_ptr
0000bbd0   __dtors_ptr
0000bbd4   ___TI_enable_exit_profile_output
0000bbd8   __lock
0000bbdc   __unlock
0000bbf0   _dtors
0000bbf4   _RTDX_Buffer
0000bffc   _RTDX_Buffer_Start
0000c000   _RTDX_Buffer_End
0000c004   _rtdx_buffer_state
0000c010   _RTDX_writing
0000c024   _rtdx_mon_state
0000c040   BIOS_init
0000c040   _BIOS_init
0000c1a4   BIOS$$CLKON
0000c1e4   BIOS$$CLKOFF
0000c24c   BIOS_start
0000c24c   _BIOS_start
0000c300   _c_int00
0000c3c0   _TSK_init
0000c440   _OBJ_init
0000c460   TSK_idle$stack
0000c7f8   TSK_idle$stkptr
0000c860   GBL_stackbeg
0000c860   _HWI_STKTOP
0000c860   __stack
0000cc58   _HWI_STKBOTTOM
0000cc5f   GBL_stackend
0000cc60   $bss
0000cc60   .bss
0000cc60   _HWI_dispatchTab
0000cc60   ___bss__
0000cd60   IDL_D_tabbeg
0000cd64   IDL_D_calibrate
0000cd68   IDL_D_calbeg
0000cd6c   LOG_D_system
0000cd6c   _LOG_D_system
0000cd70   PIP_D_tabbeg
0000cd74   PIP_D_tablen
0000cd78   CLK_R_time
0000cd7c   CLK_D_timefxn
0000cd80   CLK_D_tabbeg
0000cd84   CLK_D_isrhook
0000cd88   CLK_D_idletime
0000cd8c   _CLK_htimeDiv
0000cd90   _CLK_htimeMult
0000cd94   _CLK_ltimeDiv
0000cd98   _CLK_ltimeMult
0000cd9c   _CLK_D_dirty
0000cda0   _CLK_D_prd
0000cda4   _CLK_D_tddr
0000cda8   _CLK_D_countspms
0000cdac   PRD_D_tick
0000cdac   _PRD_D_tick
0000cdb0   PRD_D_cur
0000cdb4   PRD_D_elapsed
0000cdb8   PRD_D_prevtim
0000cdbc   PRD_D_scalar
0000cdc0   PRD_D_swihandle
0000cdc4   PRD_D_tabbeg
0000cdc8   PRD_D_tablen
0000cdcc   PRD_D_thook
0000cdd0   RTA_D_fromHost
0000cdd4   RTA_D_toHost
0000cdd8   RTA_D_logval
0000cde8   RTA_D_stsval
0000cdf4   HST_D_chanmask
0000cdf8   HST_D_tabbeg
0000cdfc   HST_D_tabend
0000ce00   _GBL_procId
0000ce04   _GBL_clkIn
0000ce08   _GBL_freq
0000ce0c   _MEM_D_NUMSEGMENTS
0000ce10   _MEM_D_memtab
0000ce14   _MEM_D_freelist
0000ce18   _MEM_D_lockaddr
0000ce1c   _MEM_D_unlockaddr
0000ce20   _SYS
0000ce24   __HOOK_knlId
0000ce28   __HOOK_NUMHOOKS
0000ce2c   SWI_D_runaddr
0000ce2c   _SWI_D_runaddr
0000ce2c   _SWI_data
0000ce30   SWI_D_execaddr
0000ce30   _SWI_D_execaddr
0000ce34   SWI_D_curmask
0000ce34   _SWI_D_curmask
0000ce38   SWI_D_curset
0000ce38   _SWI_D_curset
0000ce3c   SWI_D_lock
0000ce3c   _SWI_D_lock
0000ce40   SWI_D_curmbox
0000ce44   SWI_D_curfxn
0000ce44   _SWI_D_curfxn
0000ce48   SWI_D_rdybeg
0000ce48   _SWI_D_rdybeg
0000ce4c   SWI_D_inswi
0000ce4c   _SWI_D_inswi
0000ce50   SWI_D_rdytab
0000cec8   _H_Codec
0000cecc   _inbuffer
0000ced0   _outbuffer
0000ced4   _inframe
0000ced8   _outframe
0000cedc   _inwin
0000cee0   _outwin
0000cee4   _ingain
0000cee8   _outgain
0000ceec   _cpufrac
0000cef0   _io_ptr
0000cef4   _frame_ptr
0000cef8   _i
0000cefc   _M1
0000cf00   _M2
0000cf04   _M3
0000cf08   _M4
0000cf0c   _N
0000cf10   _N_i
0000cf14   _P
0000cf18   _buffer
0000cf1c   _lpf_weight_speech
0000cf20   _lpf_weight_noise
0000cf24   _nc
0000cf28   _lpf_switch
0000cf2c   _lpf_power_switch
0000cf30   _lpf_N_switch
0000cf34   _add1
0000cf38   _tau1
0000cf3c   _tau2
0000cf40   _alpha
0000cf44   _lambda
0000cf48   _ratio
0000cf4c   _SNR20
0000cf50   _SNR
0000cf54   _SNR_GAIN
0000cf58   _KNL_wFlag
0000cf5c   _KNL_wList
0000cf60   _KNL_alarm
0000cf64   _KNL_setpri
0000cf68   _KNL_inactive
0000cf6c   _KNL_priority
0000cf70   _KNL_set
0000cf74   _KNL_curtask
0000cf78   _KNL_prevtask
0000cf7c   _KNL_curtime
0000cf80   _KNL_swiptr
0000cf84   _KNL_curqueue
0000cf88   _KNL_maxqueue
0000cf8c   _KNL_tswitchfxn
0000cf90   _KNL_tcreatefxn
0000cf94   _KNL_tdeletefxn
0000cf98   _KNL_treadyfxn
0000cf9c   _KNL_idlefxn
0000cfa0   HWI_D_spsave
0000cfa0   _HWI_D_spsave
0000cfa0   _HWI_data
0000cfac   _HWI_D_inhwi
0000cfb0   HWI_D_bss
0000cfb4   HWI_D_ccmask
0000cfb8   RTA_fromHost$pipe$dtab
0000cfc4   RTA_toHost$pipe$dtab
0000cfd0   LNK_dspFrameRequestMask
0000cfd0   _LNK_dspFrameRequestMask
0000cfd4   LNK_dspFrameReadyMask
0000cfd4   _LNK_dspFrameReadyMask
0000cfd8   LNK_readPend
0000cfd8   _LNK_readPend
0000cfdc   LNK_readDone
0000cfdc   _LNK_readDone
0000cfe0   LNK_readFail
0000cfe0   _LNK_readFail
0000cfe4   LNK_writeFail
0000cfe4   _LNK_writeFail
0000cff0   _rtdxNullChanCnt
0000cff4   _rtdxNullFuncCnt
0000cff8   _TSK_nTasks
0000cffc   _TSK_pid
0000d000   _TSK
0000d004   _CLK_DFLTMICROSECS
0000d008   _CLK_D_microseconds
0000d00c   _SYS_exitStackPtr
0000d010   _SYS_exitStackTop
0000d014   _DSK6713_AIC23_codeccontrolhandle
0000d018   _DSK6713_AIC23_codecdatahandle
0000d01c   _CLK_htimePerLtime
0000d024   IDL_D_busyObj
0000d028   _MEM
0000d02c   _DSK6713_version
0000d02e   ___end__
0000d02e   end
0000d030   _SYS_PUTCBEG
0000d22f   _SYS_PUTCEND
0000d331   KNL_swi$sts$maxfmt
0000d334   PIP_A_TABBEG
0000d334   RTA_fromHost$pipe
0000d334   _PIP_A_TABBEG
0000d338   RTA_fromHost$pipe$rd
0000d339   KNL_swi$sts$sumfmt
0000d341   KNL_swi$sts$avgfmt
0000d34b   TSK_idle$sts$maxfmt
0000d353   TSK_idle$sts$sumfmt
0000d35b   TSK_idle$sts$avgfmt
0000d364   RTA_fromHost$pipe$aaa
0000d365   IDL_busyObj$maxfmt
0000d368   IDL_busyObj$sumfmt
0000d368   RTA_fromHost$pipe$wr
0000d36b   IDL_busyObj$avgfmt
0000d394   RTA_fromHost$pipe$bbb
0000d398   RTA_toHost$pipe
0000d39c   RTA_toHost$pipe$rd
0000d3c8   RTA_toHost$pipe$aaa
0000d3cc   RTA_toHost$pipe$wr
0000d3f8   RTA_toHost$pipe$bbb
0000d3fc   PIP_A_TABEND
0000d3fc   _PIP_A_TABEND
0000d400   LOG_system$buf
0000d500   RTA_toHost$buf
0000d60c   TSK_idle
0000d60c   _TSK_idle
0000d6a0   HST_A_TABBEG
0000d6a0   _HST_A_TABBEG
0000d6a4   RTA_fromHost
0000d6a4   _RTA_fromHost
0000d6ac   RTA_fromHost$rtdx
0000d6c0   RTA_toHost
0000d6c0   _RTA_toHost
0000d6c8   RTA_toHost$rtdx
0000d6dc   HST_A_TABEND
0000d6dc   KNL_swi$sts$stsobj
0000d6dc   STS_A_TABBEG
0000d6dc   _HST_A_TABEND
0000d6dc   _STS_A_TABBEG
0000d6e0   KNL_swi$sts
0000d6ec   TSK_idle$sts$stsobj
0000d6f0   TSK_idle$sts
0000d6fc   IDL_busyObj$stsobj
0000d700   IDL_busyObj
0000d700   _IDL_busyObj
0000d70c   KNL_swi
0000d70c   STS_A_TABEND
0000d70c   SWI_A_TABBEG
0000d70c   _KNL_swi
0000d70c   _STS_A_TABEND
0000d738   SWI_A_TABEND
0000d760   LOG_A_TABBEG
0000d760   LOG_system
0000d760   _LOG_A_TABBEG
0000d760   _LOG_system
0000d778   LOG_A_TABEND
0000d778   RTA_fromHost$buf
0000d778   _LOG_A_TABEND
0000d788   IDL_A_TABBEG
0000d788   IDL_cpuLoad
0000d788   _IDL_cpuLoad
0000d78c   LNK_dataPump
0000d78c   _LNK_dataPump
0000d790   RTA_dispatcher
0000d790   _RTA_dispatcher
0000d794   IDL_END
0000d798   IDL_A_CALBEG
0000d798   IDL_cpuLoad$
0000d79c   LNK_dataPump$
0000d7a0   RTA_dispatcher$
0000d7a4   IDL_END$
0000d7a8   SYS$config
0000d7b8   ___pinit__
0000d7b8   pinit
0000d7c4   TRC_cinit
0000d7c8   TRC_R_mask
0000d7c8   _TRC_R_mask
0000d7cc   GBL_initdone
0000d7d0   CLK_A_TABBEG
0000d7d0   PRD_clock
0000d7d0   _PRD_clock
0000d7d4   CLK_null
0000dbba   CLK_COUNTSPMS
0000dbba   CLK_HTIMEPERLTIME
0000dbba   CLK_PRD
0000dbba   _CLK_COUNTSPMS
0000dbba   _CLK_PRD
0000dbef   GBL_TRCMASKVALUE
00036ee8   CLK_LTIMEMULT
00036ee8   GBL_FREQ
01940000   CLK_REGS
01940000   _CLK_REGS
082039a3   HWI_INTRMULTHIGH
310718cf   HWI_INTRMULTLOW
ffffffff   HST_DSMBUFSEG
ffffffff   IRAM
ffffffff   RTDX_DATAMEMSEG
ffffffff   SDRAM
ffffffff   _IRAM
ffffffff   _SDRAM
ffffffff   ___TI_pprof_out_hndl
ffffffff   ___TI_prof_data_size
ffffffff   ___TI_prof_data_start
ffffffff   ___binit__
ffffffff   ___c_args__
ffffffff   binit
UNDEFED    _cabs
UNDEFED    _cmplx
UNDEFED    _fft
UNDEFED    _ifft
UNDEFED    _rmul

[777 symbols]
